Archive member included to satisfy reference by file (symbol)

C:/ST/STM32CubeIDE_2.2.0/STM32CubeIDE/plugins/com.st.stm32cube.ide.mcu.externaltools.gnu-tools-for-stm32.14.3.rel1.win32_1.0.100.202602081740/tools/bin/../lib/gcc/arm-none-eabi/14.3.1/../../../../arm-none-eabi/lib/thumb/v7e-m+fp/hard\libc_nano.a(libc_a-exit.o)
                              C:/ST/STM32CubeIDE_2.2.0/STM32CubeIDE/plugins/com.st.stm32cube.ide.mcu.externaltools.gnu-tools-for-stm32.14.3.rel1.win32_1.0.100.202602081740/tools/bin/../lib/gcc/arm-none-eabi/14.3.1/../../../../arm-none-eabi/lib/thumb/v7e-m+fp/hard/crt0.o (exit)
C:/ST/STM32CubeIDE_2.2.0/STM32CubeIDE/plugins/com.st.stm32cube.ide.mcu.externaltools.gnu-tools-for-stm32.14.3.rel1.win32_1.0.100.202602081740/tools/bin/../lib/gcc/arm-none-eabi/14.3.1/../../../../arm-none-eabi/lib/thumb/v7e-m+fp/hard\libc_nano.a(libc_a-findfp.o)
                              C:/ST/STM32CubeIDE_2.2.0/STM32CubeIDE/plugins/com.st.stm32cube.ide.mcu.externaltools.gnu-tools-for-stm32.14.3.rel1.win32_1.0.100.202602081740/tools/bin/../lib/gcc/arm-none-eabi/14.3.1/../../../../arm-none-eabi/lib/thumb/v7e-m+fp/hard\libc_nano.a(libc_a-exit.o) (__stdio_exit_handler)
C:/ST/STM32CubeIDE_2.2.0/STM32CubeIDE/plugins/com.st.stm32cube.ide.mcu.externaltools.gnu-tools-for-stm32.14.3.rel1.win32_1.0.100.202602081740/tools/bin/../lib/gcc/arm-none-eabi/14.3.1/../../../../arm-none-eabi/lib/thumb/v7e-m+fp/hard\libc_nano.a(libc_a-fwalk.o)
                              C:/ST/STM32CubeIDE_2.2.0/STM32CubeIDE/plugins/com.st.stm32cube.ide.mcu.externaltools.gnu-tools-for-stm32.14.3.rel1.win32_1.0.100.202602081740/tools/bin/../lib/gcc/arm-none-eabi/14.3.1/../../../../arm-none-eabi/lib/thumb/v7e-m+fp/hard\libc_nano.a(libc_a-findfp.o) (_fwalk_sglue)
C:/ST/STM32CubeIDE_2.2.0/STM32CubeIDE/plugins/com.st.stm32cube.ide.mcu.externaltools.gnu-tools-for-stm32.14.3.rel1.win32_1.0.100.202602081740/tools/bin/../lib/gcc/arm-none-eabi/14.3.1/../../../../arm-none-eabi/lib/thumb/v7e-m+fp/hard\libc_nano.a(libc_a-stdio.o)
                              C:/ST/STM32CubeIDE_2.2.0/STM32CubeIDE/plugins/com.st.stm32cube.ide.mcu.externaltools.gnu-tools-for-stm32.14.3.rel1.win32_1.0.100.202602081740/tools/bin/../lib/gcc/arm-none-eabi/14.3.1/../../../../arm-none-eabi/lib/thumb/v7e-m+fp/hard\libc_nano.a(libc_a-findfp.o) (__sread)
C:/ST/STM32CubeIDE_2.2.0/STM32CubeIDE/plugins/com.st.stm32cube.ide.mcu.externaltools.gnu-tools-for-stm32.14.3.rel1.win32_1.0.100.202602081740/tools/bin/../lib/gcc/arm-none-eabi/14.3.1/../../../../arm-none-eabi/lib/thumb/v7e-m+fp/hard\libc_nano.a(libc_a-memset.o)
                              C:/ST/STM32CubeIDE_2.2.0/STM32CubeIDE/plugins/com.st.stm32cube.ide.mcu.externaltools.gnu-tools-for-stm32.14.3.rel1.win32_1.0.100.202602081740/tools/bin/../lib/gcc/arm-none-eabi/14.3.1/../../../../arm-none-eabi/lib/thumb/v7e-m+fp/hard/crt0.o (memset)
C:/ST/STM32CubeIDE_2.2.0/STM32CubeIDE/plugins/com.st.stm32cube.ide.mcu.externaltools.gnu-tools-for-stm32.14.3.rel1.win32_1.0.100.202602081740/tools/bin/../lib/gcc/arm-none-eabi/14.3.1/../../../../arm-none-eabi/lib/thumb/v7e-m+fp/hard\libc_nano.a(libc_a-closer.o)
                              C:/ST/STM32CubeIDE_2.2.0/STM32CubeIDE/plugins/com.st.stm32cube.ide.mcu.externaltools.gnu-tools-for-stm32.14.3.rel1.win32_1.0.100.202602081740/tools/bin/../lib/gcc/arm-none-eabi/14.3.1/../../../../arm-none-eabi/lib/thumb/v7e-m+fp/hard\libc_nano.a(libc_a-stdio.o) (_close_r)
C:/ST/STM32CubeIDE_2.2.0/STM32CubeIDE/plugins/com.st.stm32cube.ide.mcu.externaltools.gnu-tools-for-stm32.14.3.rel1.win32_1.0.100.202602081740/tools/bin/../lib/gcc/arm-none-eabi/14.3.1/../../../../arm-none-eabi/lib/thumb/v7e-m+fp/hard\libc_nano.a(libc_a-reent.o)
                              C:/ST/STM32CubeIDE_2.2.0/STM32CubeIDE/plugins/com.st.stm32cube.ide.mcu.externaltools.gnu-tools-for-stm32.14.3.rel1.win32_1.0.100.202602081740/tools/bin/../lib/gcc/arm-none-eabi/14.3.1/../../../../arm-none-eabi/lib/thumb/v7e-m+fp/hard\libc_nano.a(libc_a-closer.o) (errno)
C:/ST/STM32CubeIDE_2.2.0/STM32CubeIDE/plugins/com.st.stm32cube.ide.mcu.externaltools.gnu-tools-for-stm32.14.3.rel1.win32_1.0.100.202602081740/tools/bin/../lib/gcc/arm-none-eabi/14.3.1/../../../../arm-none-eabi/lib/thumb/v7e-m+fp/hard\libc_nano.a(libc_a-impure.o)
                              C:/ST/STM32CubeIDE_2.2.0/STM32CubeIDE/plugins/com.st.stm32cube.ide.mcu.externaltools.gnu-tools-for-stm32.14.3.rel1.win32_1.0.100.202602081740/tools/bin/../lib/gcc/arm-none-eabi/14.3.1/../../../../arm-none-eabi/lib/thumb/v7e-m+fp/hard\libc_nano.a(libc_a-reent.o) (_impure_ptr)
C:/ST/STM32CubeIDE_2.2.0/STM32CubeIDE/plugins/com.st.stm32cube.ide.mcu.externaltools.gnu-tools-for-stm32.14.3.rel1.win32_1.0.100.202602081740/tools/bin/../lib/gcc/arm-none-eabi/14.3.1/../../../../arm-none-eabi/lib/thumb/v7e-m+fp/hard\libc_nano.a(libc_a-lseekr.o)
[...]
Memory Configuration

Name             Origin             Length             Attributes
RAM              0x20000000         0x00018000         xrw
RAM2             0x10000000         0x00008000         xrw
FLASH            0x08000000         0x00100000         xr
*default*        0x00000000         0xffffffff

Linker script and memory map

LOAD C:/ST/STM32CubeIDE_2.2.0/STM32CubeIDE/plugins/com.st.stm32cube.ide.mcu.externaltools.gnu-tools-for-stm32.14.3.rel1.win32_1.0.100.202602081740/tools/bin/../lib/gcc/arm-none-eabi/14.3.1/thumb/v7e-m+fp/hard/crti.o
LOAD C:/ST/STM32CubeIDE_2.2.0/STM32CubeIDE/plugins/com.st.stm32cube.ide.mcu.externaltools.gnu-tools-for-stm32.14.3.rel1.win32_1.0.100.202602081740/tools/bin/../lib/gcc/arm-none-eabi/14.3.1/thumb/v7e-m+fp/hard/crtbegin.o
LOAD C:/ST/STM32CubeIDE_2.2.0/STM32CubeIDE/plugins/com.st.stm32cube.ide.mcu.externaltools.gnu-tools-for-stm32.14.3.rel1.win32_1.0.100.202602081740/tools/bin/../lib/gcc/arm-none-eabi/14.3.1/../../../../arm-none-eabi/lib/thumb/v7e-m+fp/hard/crt0.o
LOAD ./Core/Src/main.o
LOAD ./Core/Src/stm32l4xx_hal_msp.o
LOAD ./Core/Src/stm32l4xx_it.o
LOAD ./Core/Src/syscalls.o
LOAD ./Core/Src/sysmem.o
LOAD ./Core/Src/system_stm32l4xx.o
LOAD ./Core/Startup/startup_stm32l476rgtx.o
LOAD ./Drivers/BSP/STM32L4xx_Nucleo/stm32l4xx_nucleo.o
LOAD ./Drivers/STM32L4xx_HAL_Driver/Src/stm32l4xx_hal.o
LOAD ./Drivers/STM32L4xx_HAL_Driver/Src/stm32l4xx_hal_cortex.o
LOAD ./Drivers/STM32L4xx_HAL_Driver/Src/stm32l4xx_hal_dma.o
LOAD ./Drivers/STM32L4xx_HAL_Driver/Src/stm32l4xx_hal_dma_ex.o
LOAD ./Drivers/STM32L4xx_HAL_Driver/Src/stm32l4xx_hal_exti.o
LOAD ./Drivers/STM32L4xx_HAL_Driver/Src/stm32l4xx_hal_flash.o
LOAD ./Drivers/STM32L4xx_HAL_Driver/Src/stm32l4xx_hal_flash_ex.o
LOAD ./Drivers/STM32L4xx_HAL_Driver/Src/stm32l4xx_hal_flash_ramfunc.o
LOAD ./Drivers/STM32L4xx_HAL_Driver/Src/stm32l4xx_hal_gpio.o
LOAD ./Drivers/STM32L4xx_HAL_Driver/Src/stm32l4xx_hal_i2c.o
LOAD ./Drivers/STM32L4xx_HAL_Driver/Src/stm32l4xx_hal_i2c_ex.o
LOAD ./Drivers/STM32L4xx_HAL_Driver/Src/stm32l4xx_hal_pwr.o
LOAD ./Drivers/STM32L4xx_HAL_Driver/Src/stm32l4xx_hal_pwr_ex.o
LOAD ./Drivers/STM32L4xx_HAL_Driver/Src/stm32l4xx_hal_rcc.o
LOAD ./Drivers/STM32L4xx_HAL_Driver/Src/stm32l4xx_hal_rcc_ex.o
START GROUP
LOAD C:/ST/STM32CubeIDE_2.2.0/STM32CubeIDE/plugins/com.st.stm32cube.ide.mcu.externaltools.gnu-tools-for-stm32.14.3.rel1.win32_1.0.100.202602081740/tools/bin/../lib/gcc/arm-none-eabi/14.3.1/../../../../arm-none-eabi/lib/thumb/v7e-m+fp/hard\libc_nano.a
LOAD C:/ST/STM32CubeIDE_2.2.0/STM32CubeIDE/plugins/com.st.stm32cube.ide.mcu.externaltools.gnu-tools-for-stm32.14.3.rel1.win32_1.0.100.202602081740/tools/bin/../lib/gcc/arm-none-eabi/14.3.1/../../../../arm-none-eabi/lib/thumb/v7e-m+fp/hard\libm.a
END GROUP
START GROUP
LOAD C:/ST/STM32CubeIDE_2.2.0/STM32CubeIDE/plugins/com.st.stm32cube.ide.mcu.externaltools.gnu-tools-for-stm32.14.3.rel1.win32_1.0.100.202602081740/tools/bin/../lib/gcc/arm-none-eabi/14.3.1/thumb/v7e-m+fp/hard\libgcc.a
LOAD C:/ST/STM32CubeIDE_2.2.0/STM32CubeIDE/plugins/com.st.stm32cube.ide.mcu.externaltools.gnu-tools-for-stm32.14.3.rel1.win32_1.0.100.202602081740/tools/bin/../lib/gcc/arm-none-eabi/14.3.1/../../../../arm-none-eabi/lib/thumb/v7e-m+fp/hard\libc_nano.a
END GROUP
START GROUP
LOAD C:/ST/STM32CubeIDE_2.2.0/STM32CubeIDE/plugins/com.st.stm32cube.ide.mcu.externaltools.gnu-tools-for-stm32.14.3.rel1.win32_1.0.100.202602081740/tools/bin/../lib/gcc/arm-none-eabi/14.3.1/thumb/v7e-m+fp/hard\libgcc.a
LOAD C:/ST/STM32CubeIDE_2.2.0/STM32CubeIDE/plugins/com.st.stm32cube.ide.mcu.externaltools.gnu-tools-for-stm32.14.3.rel1.win32_1.0.100.202602081740/tools/bin/../lib/gcc/arm-none-eabi/14.3.1/../../../../arm-none-eabi/lib/thumb/v7e-m+fp/hard\libc_nano.a
LOAD C:/ST/STM32CubeIDE_2.2.0/STM32CubeIDE/plugins/com.st.stm32cube.ide.mcu.externaltools.gnu-tools-for-stm32.14.3.rel1.win32_1.0.100.202602081740/tools/bin/../lib/gcc/arm-none-eabi/14.3.1/../../../../arm-none-eabi/lib/thumb/v7e-m+fp/hard\libnosys.a
END GROUP
START GROUP
LOAD C:/ST/STM32CubeIDE_2.2.0/STM32CubeIDE/plugins/com.st.stm32cube.ide.mcu.externaltools.gnu-tools-for-stm32.14.3.rel1.win32_1.0.100.202602081740/tools/bin/../lib/gcc/arm-none-eabi/14.3.1/thumb/v7e-m+fp/hard\libgcc.a
LOAD C:/ST/STM32CubeIDE_2.2.0/STM32CubeIDE/plugins/com.st.stm32cube.ide.mcu.externaltools.gnu-tools-for-stm32.14.3.rel1.win32_1.0.100.202602081740/tools/bin/../lib/gcc/arm-none-eabi/14.3.1/../../../../arm-none-eabi/lib/thumb/v7e-m+fp/hard\libc_nano.a
LOAD C:/ST/STM32CubeIDE_2.2.0/STM32CubeIDE/plugins/com.st.stm32cube.ide.mcu.externaltools.gnu-tools-for-stm32.14.3.rel1.win32_1.0.100.202602081740/tools/bin/../lib/gcc/arm-none-eabi/14.3.1/../../../../arm-none-eabi/lib/thumb/v7e-m+fp/hard\libnosys.a
END GROUP
LOAD C:/ST/STM32CubeIDE_2.2.0/STM32CubeIDE/plugins/com.st.stm32cube.ide.mcu.externaltools.gnu-tools-for-stm32.14.3.rel1.win32_1.0.100.202602081740/tools/bin/../lib/gcc/arm-none-eabi/14.3.1/thumb/v7e-m+fp/hard/crtend.o
LOAD C:/ST/STM32CubeIDE_2.2.0/STM32CubeIDE/plugins/com.st.stm32cube.ide.mcu.externaltools.gnu-tools-for-stm32.14.3.rel1.win32_1.0.100.202602081740/tools/bin/../lib/gcc/arm-none-eabi/14.3.1/thumb/v7e-m+fp/hard/crtn.o
                0x20018000                        _estack = (ORIGIN (RAM) + LENGTH (RAM))
                0x00000200                        _Min_Heap_Size = 0x200
                0x00000400                        _Min_Stack_Size = 0x400

.isr_vector     0x08000000      0x188
                0x08000000                        . = ALIGN (0x4)
 *(.isr_vector)
 .isr_vector    0x08000000      0x188 ./Core/Startup/startup_stm32l476rgtx.o
                0x08000000                g_pfnVectors
                0x08000188                        . = ALIGN (0x4)

.text           0x08000188     0x1928
                0x08000188                        . = ALIGN (0x4)
 *(.text)
 .text          0x08000188       0x40 C:/ST/STM32CubeIDE_2.2.0/STM32CubeIDE/plugins/com.st.stm32cube.ide.mcu.externaltools.gnu-tools-for-stm32.14.3.rel1.win32_1.0.100.202602081740/tools/bin/../lib/gcc/arm-none-eabi/14.3.1/thumb/v7e-m+fp/hard/crtbegin.o
 *(.text*)
 .text.main     0x080001c8       0xac ./Core/Src/main.o
                0x080001c8                main
 .text.SystemClock_Config
                0x08000274       0xa2 ./Core/Src/main.o
                0x08000274                SystemClock_Config
 *fill*         0x08000316        0x2 
 .text.MX_GPIO_Init
                0x08000318       0xd0 ./Core/Src/main.o
 .text.Error_Handler
                0x080003e8        0xc ./Core/Src/main.o
                0x080003e8                Error_Handler
 .text.HAL_MspInit
                0x080003f4       0x48 ./Core/Src/stm32l4xx_hal_msp.o
                0x080003f4                HAL_MspInit
 .text.NMI_Handler
                0x0800043c        0x8 ./Core/Src/stm32l4xx_it.o
                0x0800043c                NMI_Handler
 .text.HardFault_Handler
                0x08000444        0x8 ./Core/Src/stm32l4xx_it.o
                0x08000444                HardFault_Handler
 .text.MemManage_Handler
                0x0800044c        0x8 ./Core/Src/stm32l4xx_it.o
                0x0800044c                MemManage_Handler
 .text.BusFault_Handler
                0x08000454        0x8 ./Core/Src/stm32l4xx_it.o
                0x08000454                BusFault_Handler
 .text.UsageFault_Handler
                0x0800045c        0x8 ./Core/Src/stm32l4xx_it.o
                0x0800045c                UsageFault_Handler
 .text.SVC_Handler
                0x08000464        0xe ./Core/Src/stm32l4xx_it.o
                0x08000464                SVC_Handler
 .text.DebugMon_Handler
                0x08000472        0xe ./Core/Src/stm32l4xx_it.o
                0x08000472                DebugMon_Handler
 .text.PendSV_Handler
                0x08000480        0xe ./Core/Src/stm32l4xx_it.o
                0x08000480                PendSV_Handler
 .text.SysTick_Handler
                0x0800048e        0xc ./Core/Src/stm32l4xx_it.o
                0x0800048e                SysTick_Handler
 .text.EXTI15_10_IRQHandler
                0x0800049a       0x10 ./Core/Src/stm32l4xx_it.o
                0x0800049a                EXTI15_10_IRQHandler
 *fill*         0x080004aa        0x2 
 .text.SystemInit
                0x080004ac       0x24 ./Core/Src/system_stm32l4xx.o
                0x080004ac                SystemInit
 .text.Reset_Handler
                0x080004d0       0x50 ./Core/Startup/startup_stm32l476rgtx.o
                0x080004d0                Reset_Handler
 .text.Default_Handler
                0x08000520        0x2 ./Core/Startup/startup_stm32l476rgtx.o
                0x08000520                RTC_Alarm_IRQHandler
                0x08000520                EXTI2_IRQHandler
                0x08000520                TIM8_TRG_COM_IRQHandler
                0x08000520                TIM8_CC_IRQHandler
                0x08000520                TIM1_CC_IRQHandler
                0x08000520                TSC_IRQHandler
                0x08000520                TAMP_STAMP_IRQHandler
                0x08000520                EXTI3_IRQHandler
                0x08000520                LPTIM2_IRQHandler
                0x08000520                DFSDM1_FLT1_IRQHandler
                0x08000520                I2C3_ER_IRQHandler
                0x08000520                DFSDM1_FLT2_IRQHandler
                0x08000520                EXTI0_IRQHandler
                0x08000520                I2C2_EV_IRQHandler
                0x08000520                CAN1_RX0_IRQHandler
                0x08000520                FPU_IRQHandler
                0x08000520                TIM1_UP_TIM16_IRQHandler
                0x08000520                ADC1_2_IRQHandler
                0x08000520                SPI1_IRQHandler
                0x08000520                TIM6_DAC_IRQHandler
                0x08000520                TIM8_UP_IRQHandler
                0x08000520                DMA2_Channel2_IRQHandler
                0x08000520                DMA1_Channel4_IRQHandler
                0x08000520                SAI2_IRQHandler
                0x08000520                DFSDM1_FLT3_IRQHandler
                0x08000520                USART3_IRQHandler
                0x08000520                DMA1_Channel7_IRQHandler
                0x08000520                CAN1_RX1_IRQHandler
                0x08000520                LCD_IRQHandler
                0x08000520                UART5_IRQHandler
                0x08000520                ADC3_IRQHandler
                0x08000520                TIM4_IRQHandler
                0x08000520                DMA2_Channel1_IRQHandler
                0x08000520                QUADSPI_IRQHandler
                0x08000520                I2C1_EV_IRQHandler
                0x08000520                DMA1_Channel6_IRQHandler
                0x08000520                UART4_IRQHandler
                0x08000520                DMA2_Channel4_IRQHandler
                0x08000520                TIM3_IRQHandler
                0x08000520                RCC_IRQHandler
                0x08000520                DMA1_Channel1_IRQHandler
                0x08000520                Default_Handler
                0x08000520                DMA2_Channel7_IRQHandler
                0x08000520                TIM7_IRQHandler
                0x08000520                SDMMC1_IRQHandler
                0x08000520                TIM5_IRQHandler
                0x08000520                I2C3_EV_IRQHandler
                0x08000520                EXTI9_5_IRQHandler
                0x08000520                RTC_WKUP_IRQHandler
                0x08000520                PVD_PVM_IRQHandler
                0x08000520                SPI2_IRQHandler
                0x08000520                CAN1_TX_IRQHandler
                0x08000520                DMA2_Channel5_IRQHandler
                0x08000520                DMA1_Channel5_IRQHandler
                0x08000520                EXTI4_IRQHandler
                0x08000520                RNG_IRQHandler
                0x08000520                TIM1_TRG_COM_TIM17_IRQHandler
                0x08000520                DMA1_Channel3_IRQHandler
                0x08000520                COMP_IRQHandler
                0x08000520                WWDG_IRQHandler
                0x08000520                LPUART1_IRQHandler
                0x08000520                DMA2_Channel6_IRQHandler
                0x08000520                TIM2_IRQHandler
                0x08000520                EXTI1_IRQHandler
                0x08000520                USART2_IRQHandler
                0x08000520                DFSDM1_FLT0_IRQHandler
                0x08000520                I2C2_ER_IRQHandler
                0x08000520                DMA1_Channel2_IRQHandler
                0x08000520                TIM8_BRK_IRQHandler
                0x08000520                CAN1_SCE_IRQHandler
                0x08000520                FLASH_IRQHandler
                0x08000520                USART1_IRQHandler
                0x08000520                OTG_FS_IRQHandler
                0x08000520                SPI3_IRQHandler
                0x08000520                I2C1_ER_IRQHandler
                0x08000520                FMC_IRQHandler
                0x08000520                SWPMI1_IRQHandler
                0x08000520                LPTIM1_IRQHandler
                0x08000520                SAI1_IRQHandler
                0x08000520                DMA2_Channel3_IRQHandler
                0x08000520                TIM1_BRK_TIM15_IRQHandler
 *fill*         0x08000522        0x2 
 .text.BSP_LED_Init
                0x08000524       0x6c ./Drivers/BSP/STM32L4xx_Nucleo/stm32l4xx_nucleo.o
                0x08000524                BSP_LED_Init
 .text.BSP_PB_Init
                0x08000590       0xc4 ./Drivers/BSP/STM32L4xx_Nucleo/stm32l4xx_nucleo.o
                0x08000590                BSP_PB_Init
 .text.HAL_Init
                0x08000654       0x40 ./Drivers/STM32L4xx_HAL_Driver/Src/stm32l4xx_hal.o
                0x08000654                HAL_Init
 .text.HAL_InitTick
                0x08000694       0x78 ./Drivers/STM32L4xx_HAL_Driver/Src/stm32l4xx_hal.o
                0x08000694                HAL_InitTick
 .text.HAL_IncTick
                0x0800070c       0x28 ./Drivers/STM32L4xx_HAL_Driver/Src/stm32l4xx_hal.o
                0x0800070c                HAL_IncTick
 .text.HAL_GetTick
                0x08000734       0x18 ./Drivers/STM32L4xx_HAL_Driver/Src/stm32l4xx_hal.o
                0x08000734                HAL_GetTick
 .text.HAL_Delay
                0x0800074c       0x48 ./Drivers/STM32L4xx_HAL_Driver/Src/stm32l4xx_hal.o
                0x0800074c                HAL_Delay
 .text.__NVIC_SetPriorityGrouping
                0x08000794       0x48 ./Drivers/STM32L4xx_HAL_Driver/Src/stm32l4xx_hal_cortex.o
 .text.__NVIC_GetPriorityGrouping
                0x080007dc       0x1c ./Drivers/STM32L4xx_HAL_Driver/Src/stm32l4xx_hal_cortex.o
 .text.__NVIC_EnableIRQ
                0x080007f8       0x3c ./Drivers/STM32L4xx_HAL_Driver/Src/stm32l4xx_hal_cortex.o
 .text.__NVIC_SetPriority
                0x08000834       0x54 ./Drivers/STM32L4xx_HAL_Driver/Src/stm32l4xx_hal_cortex.o
 .text.NVIC_EncodePriority
                0x08000888       0x66 ./Drivers/STM32L4xx_HAL_Driver/Src/stm32l4xx_hal_cortex.o
 *fill*         0x080008ee        0x2 
 .text.SysTick_Config
                0x080008f0       0x44 ./Drivers/STM32L4xx_HAL_Driver/Src/stm32l4xx_hal_cortex.o
 .text.HAL_NVIC_SetPriorityGrouping
                0x08000934       0x16 ./Drivers/STM32L4xx_HAL_Driver/Src/stm32l4xx_hal_cortex.o
                0x08000934                HAL_NVIC_SetPriorityGrouping
 .text.HAL_NVIC_SetPriority
                0x0800094a       0x38 ./Drivers/STM32L4xx_HAL_Driver/Src/stm32l4xx_hal_cortex.o
                0x0800094a                HAL_NVIC_SetPriority
 .text.HAL_NVIC_EnableIRQ
                0x08000982       0x1c ./Drivers/STM32L4xx_HAL_Driver/Src/stm32l4xx_hal_cortex.o
                0x08000982                HAL_NVIC_EnableIRQ
 .text.HAL_SYSTICK_Config
                0x0800099e       0x18 ./Drivers/STM32L4xx_HAL_Driver/Src/stm32l4xx_hal_cortex.o
                0x0800099e                HAL_SYSTICK_Config
 *fill*         0x080009b6        0x2 
 .text.HAL_GPIO_Init
                0x080009b8      0x354 ./Drivers/STM32L4xx_HAL_Driver/Src/stm32l4xx_hal_gpio.o
                0x080009b8                HAL_GPIO_Init
 .text.HAL_GPIO_ReadPin
                0x08000d0c       0x30 ./Drivers/STM32L4xx_HAL_Driver/Src/stm32l4xx_hal_gpio.o
                0x08000d0c                HAL_GPIO_ReadPin
 .text.HAL_GPIO_WritePin
                0x08000d3c       0x30 ./Drivers/STM32L4xx_HAL_Driver/Src/stm32l4xx_hal_gpio.o
                0x08000d3c                HAL_GPIO_WritePin
 .text.HAL_GPIO_TogglePin
                0x08000d6c       0x34 ./Drivers/STM32L4xx_HAL_Driver/Src/stm32l4xx_hal_gpio.o
                0x08000d6c                HAL_GPIO_TogglePin
 .text.HAL_GPIO_EXTI_IRQHandler
                0x08000da0       0x30 ./Drivers/STM32L4xx_HAL_Driver/Src/stm32l4xx_hal_gpio.o
                0x08000da0                HAL_GPIO_EXTI_IRQHandler
 .text.HAL_GPIO_EXTI_Callback
                0x08000dd0       0x16 ./Drivers/STM32L4xx_HAL_Driver/Src/stm32l4xx_hal_gpio.o
                0x08000dd0                HAL_GPIO_EXTI_Callback
 *fill*         0x08000de6        0x2 
 .text.HAL_PWREx_GetVoltageRange
                0x08000de8       0x1c ./Drivers/STM32L4xx_HAL_Driver/Src/stm32l4xx_hal_pwr_ex.o
                0x08000de8                HAL_PWREx_GetVoltageRange
 .text.HAL_PWREx_ControlVoltageScaling
                0x08000e04       0xac ./Drivers/STM32L4xx_HAL_Driver/Src/stm32l4xx_hal_pwr_ex.o
                0x08000e04                HAL_PWREx_ControlVoltageScaling
 .text.HAL_RCC_OscConfig
                0x08000eb0      0x7b8 ./Drivers/STM32L4xx_HAL_Driver/Src/stm32l4xx_hal_rcc.o
                0x08000eb0                HAL_RCC_OscConfig
 .text.HAL_RCC_ClockConfig
                0x08001668      0x200 ./Drivers/STM32L4xx_HAL_Driver/Src/stm32l4xx_hal_rcc.o
                0x08001668                HAL_RCC_ClockConfig
 .text.HAL_RCC_GetSysClockFreq
                0x08001868      0x118 ./Drivers/STM32L4xx_HAL_Driver/Src/stm32l4xx_hal_rcc.o
                0x08001868                HAL_RCC_GetSysClockFreq
 .text.RCC_SetFlashLatencyFromMSIRange
                0x08001980       0xc0 ./Drivers/STM32L4xx_HAL_Driver/Src/stm32l4xx_hal_rcc.o
 .text.memset   0x08001a40       0x10 C:/ST/STM32CubeIDE_2.2.0/STM32CubeIDE/plugins/com.st.stm32cube.ide.mcu.externaltools.gnu-tools-for-stm32.14.3.rel1.win32_1.0.100.202602081740/tools/bin/../lib/gcc/arm-none-eabi/14.3.1/../../../../arm-none-eabi/lib/thumb/v7e-m+fp/hard\libc_nano.a(libc_a-memset.o)
                0x08001a40                memset
 .text.__libc_init_array
                0x08001a50       0x48 C:/ST/STM32CubeIDE_2.2.0/STM32CubeIDE/plugins/com.st.stm32cube.ide.mcu.externaltools.gnu-tools-for-stm32.14.3.rel1.win32_1.0.100.202602081740/tools/bin/../lib/gcc/arm-none-eabi/14.3.1/../../../../arm-none-eabi/lib/thumb/v7e-m+fp/hard\libc_nano.a(libc_a-init.o)
                0x08001a50                __libc_init_array
 *(.glue_7)
 .glue_7        0x08001a98        0x0 linker stubs
 *(.glue_7t)
 .glue_7t       0x08001a98        0x0 linker stubs
 *(.eh_frame)
 .eh_frame      0x08001a98        0x0 C:/ST/STM32CubeIDE_2.2.0/STM32CubeIDE/plugins/com.st.stm32cube.ide.mcu.externaltools.gnu-tools-for-stm32.14.3.rel1.win32_1.0.100.202602081740/tools/bin/../lib/gcc/arm-none-eabi/14.3.1/thumb/v7e-m+fp/hard/crtbegin.o
 *(.init)
 .init          0x08001a98        0x4 C:/ST/STM32CubeIDE_2.2.0/STM32CubeIDE/plugins/com.st.stm32cube.ide.mcu.externaltools.gnu-tools-for-stm32.14.3.rel1.win32_1.0.100.202602081740/tools/bin/../lib/gcc/arm-none-eabi/14.3.1/thumb/v7e-m+fp/hard/crti.o
                0x08001a98                _init
 .init          0x08001a9c        0x8 C:/ST/STM32CubeIDE_2.2.0/STM32CubeIDE/plugins/com.st.stm32cube.ide.mcu.externaltools.gnu-tools-for-stm32.14.3.rel1.win32_1.0.100.202602081740/tools/bin/../lib/gcc/arm-none-eabi/14.3.1/thumb/v7e-m+fp/hard/crtn.o
 *(.fini)
 .fini          0x08001aa4        0x4 C:/ST/STM32CubeIDE_2.2.0/STM32CubeIDE/plugins/com.st.stm32cube.ide.mcu.externaltools.gnu-tools-for-stm32.14.3.rel1.win32_1.0.100.202602081740/tools/bin/../lib/gcc/arm-none-eabi/14.3.1/thumb/v7e-m+fp/hard/crti.o
                0x08001aa4                _fini
 .fini          0x08001aa8        0x8 C:/ST/STM32CubeIDE_2.2.0/STM32CubeIDE/plugins/com.st.stm32cube.ide.mcu.externaltools.gnu-tools-for-stm32.14.3.rel1.win32_1.0.100.202602081740/tools/bin/../lib/gcc/arm-none-eabi/14.3.1/thumb/v7e-m+fp/hard/crtn.o
                0x08001ab0                        . = ALIGN (0x4)
                0x08001ab0                        _etext = .

.vfp11_veneer   0x08001ab0        0x0
 .vfp11_veneer  0x08001ab0        0x0 linker stubs

.v4_bx          0x08001ab0        0x0
 .v4_bx         0x08001ab0        0x0 linker stubs

.iplt           0x08001ab0        0x0
 .iplt          0x08001ab0        0x0 C:/ST/STM32CubeIDE_2.2.0/STM32CubeIDE/plugins/com.st.stm32cube.ide.mcu.externaltools.gnu-tools-for-stm32.14.3.rel1.win32_1.0.100.202602081740/tools/bin/../lib/gcc/arm-none-eabi/14.3.1/thumb/v7e-m+fp/hard/crtbegin.o

.rodata         0x08001ab0       0x40
                0x08001ab0                        . = ALIGN (0x4)
 *(.rodata)
 *(.rodata*)
 .rodata.AHBPrescTable
                0x08001ab0       0x10 ./Core/Src/system_stm32l4xx.o
                0x08001ab0                AHBPrescTable
 .rodata.MSIRangeTable
                0x08001ac0       0x30 ./Core/Src/system_stm32l4xx.o
                0x08001ac0                MSIRangeTable
                0x08001af0                        . = ALIGN (0x4)

.ARM.extab      0x08001af0        0x0
                0x08001af0                        . = ALIGN (0x4)
 *(.ARM.extab* .gnu.linkonce.armextab.*)
                0x08001af0                        . = ALIGN (0x4)

.ARM            0x08001af0        0x0
                0x08001af0                        . = ALIGN (0x4)
                0x08001af0                        __exidx_start = .
 *(.ARM.exidx*)
                0x08001af0                        __exidx_end = .
                0x08001af0                        . = ALIGN (0x4)

.preinit_array  0x08001af0        0x0
                0x08001af0                        . = ALIGN (0x4)
                0x08001af0                        PROVIDE (__preinit_array_start = .)
 *(.preinit_array*)
                0x08001af0                        PROVIDE (__preinit_array_end = .)
                0x08001af0                        . = ALIGN (0x4)

.init_array     0x08001af0        0x4
                0x08001af0                        . = ALIGN (0x4)
                0x08001af0                        PROVIDE (__init_array_start = .)
 *(SORT_BY_NAME(.init_array.*))
 *(.init_array*)
 .init_array    0x08001af0        0x4 C:/ST/STM32CubeIDE_2.2.0/STM32CubeIDE/plugins/com.st.stm32cube.ide.mcu.externaltools.gnu-tools-for-stm32.14.3.rel1.win32_1.0.100.202602081740/tools/bin/../lib/gcc/arm-none-eabi/14.3.1/thumb/v7e-m+fp/hard/crtbegin.o
                0x08001af4                        PROVIDE (__init_array_end = .)
                0x08001af4                        . = ALIGN (0x4)

.fini_array     0x08001af4        0x4
                0x08001af4                        . = ALIGN (0x4)
                [!provide]                        PROVIDE (__fini_array_start = .)
 *(SORT_BY_NAME(.fini_array.*))
 *(.fini_array*)
 .fini_array    0x08001af4        0x4 C:/ST/STM32CubeIDE_2.2.0/STM32CubeIDE/plugins/com.st.stm32cube.ide.mcu.externaltools.gnu-tools-for-stm32.14.3.rel1.win32_1.0.100.202602081740/tools/bin/../lib/gcc/arm-none-eabi/14.3.1/thumb/v7e-m+fp/hard/crtbegin.o
                [!provide]                        PROVIDE (__fini_array_end = .)
                0x08001af8                        . = ALIGN (0x4)
                0x08001af8                        _sidata = LOADADDR (.data)

.rel.dyn        0x08001af8        0x0
 .rel.iplt      0x08001af8        0x0 C:/ST/STM32CubeIDE_2.2.0/STM32CubeIDE/plugins/com.st.stm32cube.ide.mcu.externaltools.gnu-tools-for-stm32.14.3.rel1.win32_1.0.100.202602081740/tools/bin/../lib/gcc/arm-none-eabi/14.3.1/thumb/v7e-m+fp/hard/crtbegin.o

.data           0x20000000       0x24 load address 0x08001af8
                0x20000000                        . = ALIGN (0x4)
                0x20000000                        _sdata = .
 *(.data)
 *(.data*)
 .data.delays   0x20000000        0xc ./Core/Src/main.o
                0x20000000                delays
 .data.dir      0x2000000c        0x4 ./Core/Src/main.o
                0x2000000c                dir
 .data.SystemCoreClock
                0x20000010        0x4 ./Core/Src/system_stm32l4xx.o
                0x20000010                SystemCoreClock
 .data.GPIO_PORT
                0x20000014        0x4 ./Drivers/BSP/STM32L4xx_Nucleo/stm32l4xx_nucleo.o
                0x20000014                GPIO_PORT
 .data.BUTTON_PORT
                0x20000018        0x4 ./Drivers/BSP/STM32L4xx_Nucleo/stm32l4xx_nucleo.o
                0x20000018                BUTTON_PORT
 .data.uwTickPrio
                0x2000001c        0x4 ./Drivers/STM32L4xx_HAL_Driver/Src/stm32l4xx_hal.o
                0x2000001c                uwTickPrio
 .data.uwTickFreq
                0x20000020        0x1 ./Drivers/STM32L4xx_HAL_Driver/Src/stm32l4xx_hal.o
                0x20000020                uwTickFreq
 *(.RamFunc)
 *(.RamFunc*)
                0x20000024                        . = ALIGN (0x4)
 *fill*         0x20000021        0x3 
                0x20000024                        _edata = .

.igot.plt       0x20000024        0x0 load address 0x08001b1c
 .igot.plt      0x20000024        0x0 C:/ST/STM32CubeIDE_2.2.0/STM32CubeIDE/plugins/com.st.stm32cube.ide.mcu.externaltools.gnu-tools-for-stm32.14.3.rel1.win32_1.0.100.202602081740/tools/bin/../lib/gcc/arm-none-eabi/14.3.1/thumb/v7e-m+fp/hard/crtbegin.o
                0x20000024                        . = ALIGN (0x4)

.bss            0x20000024       0x2c load address 0x08001b1c
                0x20000024                        _sbss = .
                0x20000024                        __bss_start__ = _sbss
 *(.bss)
 .bss           0x20000024       0x1c C:/ST/STM32CubeIDE_2.2.0/STM32CubeIDE/plugins/com.st.stm32cube.ide.mcu.externaltools.gnu-tools-for-stm32.14.3.rel1.win32_1.0.100.202602081740/tools/bin/../lib/gcc/arm-none-eabi/14.3.1/thumb/v7e-m+fp/hard/crtbegin.o
 *(.bss*)
 .bss.idx       0x20000040        0x4 ./Core/Src/main.o
                0x20000040                idx
 .bss.actual    0x20000044        0x4 ./Core/Src/main.o
                0x20000044                actual
 .bss.anterior  0x20000048        0x4 ./Core/Src/main.o
                0x20000048                anterior
 .bss.uwTick    0x2000004c        0x4 ./Drivers/STM32L4xx_HAL_Driver/Src/stm32l4xx_hal.o
                0x2000004c                uwTick
 *(COMMON)
                0x20000050                        . = ALIGN (0x4)
                0x20000050                        _ebss = .
                0x20000050                        __bss_end__ = _ebss

._user_heap_stack
                0x20000050      0x600 load address 0x08001b1c
                0x20000050                        . = ALIGN (0x8)
                [!provide]                        PROVIDE (end = .)
                0x20000050                        PROVIDE (_end = .)
                0x20000250                        . = (. + _Min_Heap_Size)
 *fill*         0x20000050      0x200 
                0x20000650                        . = (. + _Min_Stack_Size)
 *fill*         0x20000250      0x400 
                0x20000650                        . = ALIGN (0x8)

/DISCARD/
 libc.a(*)
 libm.a(*)
 libgcc.a(*)

.ARM.attributes
                0x00000000       0x30
 *(.ARM.attributes)
 .ARM.attributes
                0x00000000       0x22 C:/ST/STM32CubeIDE_2.2.0/STM32CubeIDE/plugins/com.st.stm32cube.ide.mcu.externaltools.gnu-tools-for-stm32.14.3.rel1.win32_1.0.100.202602081740/tools/bin/../lib/gcc/arm-none-eabi/14.3.1/thumb/v7e-m+fp/hard/crti.o
 .ARM.attributes
                0x00000022       0x34 C:/ST/STM32CubeIDE_2.2.0/STM32CubeIDE/plugins/com.st.stm32cube.ide.mcu.externaltools.gnu-tools-for-stm32.14.3.rel1.win32_1.0.100.202602081740/tools/bin/../lib/gcc/arm-none-eabi/14.3.1/thumb/v7e-m+fp/hard/crtbegin.o
 .ARM.attributes
                0x00000056       0x34 ./Core/Src/main.o
 .ARM.attributes
                0x0000008a       0x34 ./Core/Src/stm32l4xx_hal_msp.o
 .ARM.attributes
                0x000000be       0x34 ./Core/Src/stm32l4xx_it.o
 .ARM.attributes
                0x000000f2       0x34 ./Core/Src/system_stm32l4xx.o
 .ARM.attributes
                0x00000126       0x21 ./Core/Startup/startup_stm32l476rgtx.o
 .ARM.attributes
                0x00000147       0x34 ./Drivers/BSP/STM32L4xx_Nucleo/stm32l4xx_nucleo.o
 .ARM.attributes
                0x0000017b       0x34 ./Drivers/STM32L4xx_HAL_Driver/Src/stm32l4xx_hal.o
 .ARM.attributes
                0x000001af       0x34 ./Drivers/STM32L4xx_HAL_Driver/Src/stm32l4xx_hal_cortex.o
 .ARM.attributes
                0x000001e3       0x34 ./Drivers/STM32L4xx_HAL_Driver/Src/stm32l4xx_hal_gpio.o
 .ARM.attributes
                0x00000217       0x34 ./Drivers/STM32L4xx_HAL_Driver/Src/stm32l4xx_hal_pwr_ex.o
 .ARM.attributes
                0x0000024b       0x34 ./Drivers/STM32L4xx_HAL_Driver/Src/stm32l4xx_hal_rcc.o
 .ARM.attributes
                0x0000027f       0x34 C:/ST/STM32CubeIDE_2.2.0/STM32CubeIDE/plugins/com.st.stm32cube.ide.mcu.externaltools.gnu-tools-for-stm32.14.3.rel1.win32_1.0.100.202602081740/tools/bin/../lib/gcc/arm-none-eabi/14.3.1/../../../../arm-none-eabi/lib/thumb/v7e-m+fp/hard\libc_nano.a(libc_a-memset.o)
 .ARM.attributes
                0x000002b3       0x34 C:/ST/STM32CubeIDE_2.2.0/STM32CubeIDE/plugins/com.st.stm32cube.ide.mcu.externaltools.gnu-tools-for-stm32.14.3.rel1.win32_1.0.100.202602081740/tools/bin/../lib/gcc/arm-none-eabi/14.3.1/../../../../arm-none-eabi/lib/thumb/v7e-m+fp/hard\libc_nano.a(libc_a-init.o)
 .ARM.attributes
                0x000002e7       0x22 C:/ST/STM32CubeIDE_2.2.0/STM32CubeIDE/plugins/com.st.stm32cube.ide.mcu.externaltools.gnu-tools-for-stm32.14.3.rel1.win32_1.0.100.202602081740/tools/bin/../lib/gcc/arm-none-eabi/14.3.1/thumb/v7e-m+fp/hard/crtn.o
OUTPUT(boton_led.elf elf32-littlearm)
LOAD linker stubs
LOAD C:/ST/STM32CubeIDE_2.2.0/STM32CubeIDE/plugins/com.st.stm32cube.ide.mcu.externaltools.gnu-tools-for-stm32.14.3.rel1.win32_1.0.100.202602081740/tools/bin/../lib/gcc/arm-none-eabi/14.3.1/../../../../arm-none-eabi/lib/thumb/v7e-m+fp/hard\libc.a
LOAD C:/ST/STM32CubeIDE_2.2.0/STM32CubeIDE/plugins/com.st.stm32cube.ide.mcu.externaltools.gnu-tools-for-stm32.14.3.rel1.win32_1.0.100.202602081740/tools/bin/../lib/gcc/arm-none-eabi/14.3.1/../../../../arm-none-eabi/lib/thumb/v7e-m+fp/hard\libm.a
LOAD C:/ST/STM32CubeIDE_2.2.0/STM32CubeIDE/plugins/com.st.stm32cube.ide.mcu.externaltools.gnu-tools-for-stm32.14.3.rel1.win32_1.0.100.202602081740/tools/bin/../lib/gcc/arm-none-eabi/14.3.1/thumb/v7e-m+fp/hard\libgcc.a

.debug_info     0x00000000     0x545e
 .debug_info    0x00000000      0x87e ./Core/Src/main.o
 .debug_info    0x0000087e      0x301 ./Core/Src/stm32l4xx_hal_msp.o
 .debug_info    0x00000b7f      0x190 ./Core/Src/stm32l4xx_it.o
 .debug_info    0x00000d0f      0x5e2 ./Core/Src/system_stm32l4xx.o
 .debug_info    0x000012f1       0x30 ./Core/Startup/startup_stm32l476rgtx.o
 .debug_info    0x00001321      0x995 ./Drivers/BSP/STM32L4xx_Nucleo/stm32l4xx_nucleo.o
 .debug_info    0x00001cb6      0xc4d ./Drivers/STM32L4xx_HAL_Driver/Src/stm32l4xx_hal.o
 .debug_info    0x00002903      0xdad ./Drivers/STM32L4xx_HAL_Driver/Src/stm32l4xx_hal_cortex.o
 .debug_info    0x000036b0      0x79f ./Drivers/STM32L4xx_HAL_Driver/Src/stm32l4xx_hal_gpio.o
 .debug_info    0x00003e4f      0x9ca ./Drivers/STM32L4xx_HAL_Driver/Src/stm32l4xx_hal_pwr_ex.o
 .debug_info    0x00004819      0xc45 ./Drivers/STM32L4xx_HAL_Driver/Src/stm32l4xx_hal_rcc.o

.debug_abbrev   0x00000000     0x1319
 .debug_abbrev  0x00000000      0x222 ./Core/Src/main.o
 .debug_abbrev  0x00000222       0xdd ./Core/Src/stm32l4xx_hal_msp.o
 .debug_abbrev  0x000002ff       0xca ./Core/Src/stm32l4xx_it.o
 .debug_abbrev  0x000003c9      0x117 ./Core/Src/system_stm32l4xx.o
 .debug_abbrev  0x000004e0       0x24 ./Core/Startup/startup_stm32l476rgtx.o
 .debug_abbrev  0x00000504      0x210 ./Drivers/BSP/STM32L4xx_Nucleo/stm32l4xx_nucleo.o
 .debug_abbrev  0x00000714      0x243 ./Drivers/STM32L4xx_HAL_Driver/Src/stm32l4xx_hal.o
 .debug_abbrev  0x00000957      0x31c ./Drivers/STM32L4xx_HAL_Driver/Src/stm32l4xx_hal_cortex.o
 .debug_abbrev  0x00000c73      0x1d1 ./Drivers/STM32L4xx_HAL_Driver/Src/stm32l4xx_hal_gpio.o
 .debug_abbrev  0x00000e44      0x1f9 ./Drivers/STM32L4xx_HAL_Driver/Src/stm32l4xx_hal_pwr_ex.o
 .debug_abbrev  0x0000103d      0x2dc ./Drivers/STM32L4xx_HAL_Driver/Src/stm32l4xx_hal_rcc.o

.debug_aranges  0x00000000      0x610
 .debug_aranges
                0x00000000       0x38 ./Core/Src/main.o
 .debug_aranges
                0x00000038       0x20 ./Core/Src/stm32l4xx_hal_msp.o
 .debug_aranges
                0x00000058       0x68 ./Core/Src/stm32l4xx_it.o
 .debug_aranges
                0x000000c0       0x28 ./Core/Src/system_stm32l4xx.o
 .debug_aranges
                0x000000e8       0x28 ./Core/Startup/startup_stm32l476rgtx.o
 .debug_aranges
                0x00000110       0x60 ./Drivers/BSP/STM32L4xx_Nucleo/stm32l4xx_nucleo.o
 .debug_aranges
                0x00000170      0x130 ./Drivers/STM32L4xx_HAL_Driver/Src/stm32l4xx_hal.o
 .debug_aranges
                0x000002a0      0x128 ./Drivers/STM32L4xx_HAL_Driver/Src/stm32l4xx_hal_cortex.o
 .debug_aranges
                0x000003c8       0x58 ./Drivers/STM32L4xx_HAL_Driver/Src/stm32l4xx_hal_gpio.o
 .debug_aranges
                0x00000420      0x160 ./Drivers/STM32L4xx_HAL_Driver/Src/stm32l4xx_hal_pwr_ex.o
 .debug_aranges
                0x00000580       0x90 ./Drivers/STM32L4xx_HAL_Driver/Src/stm32l4xx_hal_rcc.o

.debug_rnglists
                0x00000000      0x469
 .debug_rnglists
                0x00000000       0x28 ./Core/Src/main.o
 .debug_rnglists
                0x00000028       0x13 ./Core/Src/stm32l4xx_hal_msp.o
 .debug_rnglists
                0x0000003b       0x49 ./Core/Src/stm32l4xx_it.o
 .debug_rnglists
                0x00000084       0x1a ./Core/Src/system_stm32l4xx.o
 .debug_rnglists
                0x0000009e       0x19 ./Core/Startup/startup_stm32l476rgtx.o
 .debug_rnglists
                0x000000b7       0x44 ./Drivers/BSP/STM32L4xx_Nucleo/stm32l4xx_nucleo.o
 .debug_rnglists
                0x000000fb       0xdf ./Drivers/STM32L4xx_HAL_Driver/Src/stm32l4xx_hal.o
 .debug_rnglists
                0x000001da       0xda ./Drivers/STM32L4xx_HAL_Driver/Src/stm32l4xx_hal_cortex.o
 .debug_rnglists
                0x000002b4       0x3f ./Drivers/STM32L4xx_HAL_Driver/Src/stm32l4xx_hal_gpio.o
 .debug_rnglists
                0x000002f3      0x109 ./Drivers/STM32L4xx_HAL_Driver/Src/stm32l4xx_hal_pwr_ex.o
 .debug_rnglists
                0x000003fc       0x6d ./Drivers/STM32L4xx_HAL_Driver/Src/stm32l4xx_hal_rcc.o

.debug_macro    0x00000000    0x24abd
 .debug_macro   0x00000000      0x1bf ./Core/Src/main.o
 .debug_macro   0x000001bf      0xade ./Core/Src/main.o
 .debug_macro   0x00000c9d      0x19b ./Core/Src/main.o
 .debug_macro   0x00000e38       0x2e ./Core/Src/main.o
 .debug_macro   0x00000e66       0x28 ./Core/Src/main.o
 .debug_macro   0x00000e8e       0x22 ./Core/Src/main.o
 .debug_macro   0x00000eb0       0x8e ./Core/Src/main.o
 .debug_macro   0x00000f3e       0x51 ./Core/Src/main.o
 .debug_macro   0x00000f8f      0x103 ./Core/Src/main.o
 .debug_macro   0x00001092       0x6a ./Core/Src/main.o
 .debug_macro   0x000010fc      0x1df ./Core/Src/main.o
 .debug_macro   0x000012db       0x1c ./Core/Src/main.o
 .debug_macro   0x000012f7       0x22 ./Core/Src/main.o
 .debug_macro   0x00001319       0xfb ./Core/Src/main.o
 .debug_macro   0x00001414     0x1011 ./Core/Src/main.o
 .debug_macro   0x00002425      0x11f ./Core/Src/main.o
 .debug_macro   0x00002544    0x1a192 ./Core/Src/main.o
 .debug_macro   0x0001c6d6       0x6d ./Core/Src/main.o
 .debug_macro   0x0001c743     0x38fb ./Core/Src/main.o
 .debug_macro   0x0002003e      0x190 ./Core/Src/main.o
 .debug_macro   0x000201ce       0x5c ./Core/Src/main.o
 .debug_macro   0x0002022a     0x159e ./Core/Src/main.o
 .debug_macro   0x000217c8      0x5a5 ./Core/Src/main.o
 .debug_macro   0x00021d6d      0x1b9 ./Core/Src/main.o
 .debug_macro   0x00021f26      0x18b ./Core/Src/main.o
 .debug_macro   0x000220b1      0x2c4 ./Core/Src/main.o
 .debug_macro   0x00022375      0x27a ./Core/Src/main.o
 .debug_macro   0x000225ef      0x23d ./Core/Src/main.o
 .debug_macro   0x0002282c      0x241 ./Core/Src/main.o
 .debug_macro   0x00022a6d      0x37c ./Core/Src/main.o
 .debug_macro   0x00022de9       0xd6 ./Core/Src/main.o
 .debug_macro   0x00022ebf      0x122 ./Core/Src/main.o
 .debug_macro   0x00022fe1      0x3ef ./Core/Src/main.o
 .debug_macro   0x000233d0      0x330 ./Core/Src/main.o
 .debug_macro   0x00023700      0x1bb ./Core/Src/main.o
 .debug_macro   0x000238bb       0x40 ./Core/Src/main.o
 .debug_macro   0x000238fb      0x1bf ./Core/Src/stm32l4xx_hal_msp.o
 .debug_macro   0x00023aba      0x1c9 ./Core/Src/stm32l4xx_it.o
 .debug_macro   0x00023c83      0x1a7 ./Core/Src/system_stm32l4xx.o
 .debug_macro   0x00023e2a      0x1e0 ./Drivers/BSP/STM32L4xx_Nucleo/stm32l4xx_nucleo.o
 .debug_macro   0x0002400a      0x1b5 ./Drivers/BSP/STM32L4xx_Nucleo/stm32l4xx_nucleo.o
 .debug_macro   0x000241bf      0x1f5 ./Drivers/STM32L4xx_HAL_Driver/Src/stm32l4xx_hal.o
 .debug_macro   0x000243b4      0x1a7 ./Drivers/STM32L4xx_HAL_Driver/Src/stm32l4xx_hal_cortex.o
 .debug_macro   0x0002455b      0x1ae ./Drivers/STM32L4xx_HAL_Driver/Src/stm32l4xx_hal_gpio.o
 .debug_macro   0x00024709      0x1cb ./Drivers/STM32L4xx_HAL_Driver/Src/stm32l4xx_hal_pwr_ex.o
 .debug_macro   0x000248d4      0x1e9 ./Drivers/STM32L4xx_HAL_Driver/Src/stm32l4xx_hal_rcc.o

.debug_line     0x00000000     0x680f
 .debug_line    0x00000000      0x836 ./Core/Src/main.o
 .debug_line    0x00000836      0x733 ./Core/Src/stm32l4xx_hal_msp.o
 .debug_line    0x00000f69      0x7fa ./Core/Src/stm32l4xx_it.o
 .debug_line    0x00001763      0x79b ./Core/Src/system_stm32l4xx.o
 .debug_line    0x00001efe       0x7a ./Core/Startup/startup_stm32l476rgtx.o
 .debug_line    0x00001f78      0x85e ./Drivers/BSP/STM32L4xx_Nucleo/stm32l4xx_nucleo.o
 .debug_line    0x000027d6      0xb07 ./Drivers/STM32L4xx_HAL_Driver/Src/stm32l4xx_hal.o
 .debug_line    0x000032dd      0xc9e ./Drivers/STM32L4xx_HAL_Driver/Src/stm32l4xx_hal_cortex.o
 .debug_line    0x00003f7b      0xb57 ./Drivers/STM32L4xx_HAL_Driver/Src/stm32l4xx_hal_gpio.o
 .debug_line    0x00004ad2      0xce5 ./Drivers/STM32L4xx_HAL_Driver/Src/stm32l4xx_hal_pwr_ex.o
 .debug_line    0x000057b7     0x1058 ./Drivers/STM32L4xx_HAL_Driver/Src/stm32l4xx_hal_rcc.o

.debug_str      0x00000000    0xe0c26
 .debug_str     0x00000000    0xe0c26 ./Core/Src/main.o
                              0xdf26a (size before relaxing)
 .debug_str     0x000e0c26    0xdeec9 ./Core/Src/stm32l4xx_hal_msp.o
 .debug_str     0x000e0c26    0xdee44 ./Core/Src/stm32l4xx_it.o
 .debug_str     0x000e0c26    0xde2d4 ./Core/Src/system_stm32l4xx.o
 .debug_str     0x000e0c26       0xa1 ./Core/Startup/startup_stm32l476rgtx.o
 .debug_str     0x000e0c26    0xdf6f7 ./Drivers/BSP/STM32L4xx_Nucleo/stm32l4xx_nucleo.o
 .debug_str     0x000e0c26    0xdeee8 ./Drivers/STM32L4xx_HAL_Driver/Src/stm32l4xx_hal.o
 .debug_str     0x000e0c26    0xdeb4d ./Drivers/STM32L4xx_HAL_Driver/Src/stm32l4xx_hal_cortex.o
 .debug_str     0x000e0c26    0xde45f ./Drivers/STM32L4xx_HAL_Driver/Src/stm32l4xx_hal_gpio.o
 .debug_str     0x000e0c26    0xde82f ./Drivers/STM32L4xx_HAL_Driver/Src/stm32l4xx_hal_pwr_ex.o
 .debug_str     0x000e0c26    0xde91a ./Drivers/STM32L4xx_HAL_Driver/Src/stm32l4xx_hal_rcc.o

.comment        0x00000000       0x43
 .comment       0x00000000       0x43 ./Core/Src/main.o
                                 0x44 (size before relaxing)
 .comment       0x00000043       0x44 ./Core/Src/stm32l4xx_hal_msp.o
 .comment       0x00000043       0x44 ./Core/Src/stm32l4xx_it.o
 .comment       0x00000043       0x44 ./Core/Src/system_stm32l4xx.o
 .comment       0x00000043       0x44 ./Drivers/BSP/STM32L4xx_Nucleo/stm32l4xx_nucleo.o
 .comment       0x00000043       0x44 ./Drivers/STM32L4xx_HAL_Driver/Src/stm32l4xx_hal.o
 .comment       0x00000043       0x44 ./Drivers/STM32L4xx_HAL_Driver/Src/stm32l4xx_hal_cortex.o
 .comment       0x00000043       0x44 ./Drivers/STM32L4xx_HAL_Driver/Src/stm32l4xx_hal_gpio.o
 .comment       0x00000043       0x44 ./Drivers/STM32L4xx_HAL_Driver/Src/stm32l4xx_hal_pwr_ex.o
 .comment       0x00000043       0x44 ./Drivers/STM32L4xx_HAL_Driver/Src/stm32l4xx_hal_rcc.o

.debug_frame    0x00000000     0x1498
 .debug_frame   0x00000000       0x8c ./Core/Src/main.o
 .debug_frame   0x0000008c       0x34 ./Core/Src/stm32l4xx_hal_msp.o
 .debug_frame   0x000000c0      0x114 ./Core/Src/stm32l4xx_it.o
 .debug_frame   0x000001d4       0x50 ./Core/Src/system_stm32l4xx.o
 .debug_frame   0x00000224      0x14c ./Drivers/BSP/STM32L4xx_Nucleo/stm32l4xx_nucleo.o
 .debug_frame   0x00000370      0x424 ./Drivers/STM32L4xx_HAL_Driver/Src/stm32l4xx_hal.o
 .debug_frame   0x00000794      0x49c ./Drivers/STM32L4xx_HAL_Driver/Src/stm32l4xx_hal_cortex.o
 .debug_frame   0x00000c30      0x130 ./Drivers/STM32L4xx_HAL_Driver/Src/stm32l4xx_hal_gpio.o
 .debug_frame   0x00000d60      0x4ec ./Drivers/STM32L4xx_HAL_Driver/Src/stm32l4xx_hal_pwr_ex.o
 .debug_frame   0x0000124c      0x200 ./Drivers/STM32L4xx_HAL_Driver/Src/stm32l4xx_hal_rcc.o
 .debug_frame   0x0000144c       0x20 C:/ST/STM32CubeIDE_2.2.0/STM32CubeIDE/plugins/com.st.stm32cube.ide.mcu.externaltools.gnu-tools-for-stm32.14.3.rel1.win32_1.0.100.202602081740/tools/bin/../lib/gcc/arm-none-eabi/14.3.1/../../../../arm-none-eabi/lib/thumb/v7e-m+fp/hard\libc_nano.a(libc_a-memset.o)
 .debug_frame   0x0000146c       0x2c C:/ST/STM32CubeIDE_2.2.0/STM32CubeIDE/plugins/com.st.stm32cube.ide.mcu.externaltools.gnu-tools-for-stm32.14.3.rel1.win32_1.0.100.202602081740/tools/bin/../lib/gcc/arm-none-eabi/14.3.1/../../../../arm-none-eabi/lib/thumb/v7e-m+fp/hard\libc_nano.a(libc_a-init.o)

.debug_line_str
                0x00000000       0x85
 .debug_line_str
                0x00000000       0x85 ./Core/Startup/startup_stm32l476rgtx.o
