Archive member included to satisfy reference by file (symbol)

C:/ST/STM32CubeIDE_2.2.0/STM32CubeIDE/plugins/com.st.stm32cube.ide.mcu.externaltools.gnu-tools-for-stm32.14.3.rel1.win32_1.0.100.202602081740/tools/bin/../lib/gcc/arm-none-eabi/14.3.1/../../../../arm-none-eabi/lib/thumb/v7e-m+fp/hard\libc_nano.a(libc_a-exit.o)
                              C:/ST/STM32CubeIDE_2.2.0/STM32CubeIDE/plugins/com.st.stm32cube.ide.mcu.externaltools.gnu-tools-for-stm32.14.3.rel1.win32_1.0.100.202602081740/tools/bin/../lib/gcc/arm-none-eabi/14.3.1/../../../../arm-none-eabi/lib/thumb/v7e-m+fp/hard/crt0.o (exit)
C:/ST/STM32CubeIDE_2.2.0/STM32CubeIDE/plugins/com.st.stm32cube.ide.mcu.externaltools.gnu-tools-for-stm32.14.3.rel1.win32_1.0.100.202602081740/tools/bin/../lib/gcc/arm-none-eabi/14.3.1/../../../../arm-none-eabi/lib/thumb/v7e-m+fp/hard\libc_nano.a(libc_a-findfp.o)
                              C:/ST/STM32CubeIDE_2.2.0/STM32CubeIDE/plugins/com.st.stm32cube.ide.mcu.externaltools.gnu-tools-for-stm32.14.3.rel1.win32_1.0.100.202602081740/tools/bin/../lib/gcc/arm-none-eabi/14.3.1/../../../../arm-none-eabi/lib/thumb/v7e-m+fp/hard\libc_nano.a(libc_a-exit.o) (__stdio_exit_handler)
C:/ST/STM32CubeIDE_2.2.0/STM32CubeIDE/plugins/com.st.stm32cube.ide.mcu.externaltools.gnu-tools-for-stm32.14.3.rel1.win32_1.0.100.202602081740/tools/bin/../lib/gcc/arm-none-eabi/14.3.1/../../../../arm-none-eabi/lib/thumb/v7e-m+fp/hard\libc_nano.a(libc_a-fwalk.o)
                              C:/ST/STM32CubeIDE_2.2.0/STM32CubeIDE/plugins/com.st.stm32cube.ide.mcu.externaltools.gnu-tools-for-stm32.14.3.rel1.win32_1.0.100.202602081740/tools/bin/../lib/gcc/arm-none-eabi/14.3.1/../../../../arm-none-eabi/lib/thumb/v7e-m+fp/hard\libc_nano.a(libc_a-findfp.o) (_fwalk_sglue)
C:/ST/STM32CubeIDE_2.2.0/STM32CubeIDE/plugins/com.st.stm32cube.ide.mcu.externaltools.gnu-tools-for-stm32.14.3.rel1.win32_1.0.100.202602081740/tools/bin/../lib/gcc/arm-none-eabi/14.3.1/../../../../arm-none-eabi/lib/thumb/v7e-m+fp/hard\libc_nano.a(libc_a-stdio.o)
                              C:/ST/STM32CubeIDE_2.2.0/STM32CubeIDE/plugins/com.st.stm32cube.ide.mcu.externaltools.gnu-tools-for-stm32.14.3.rel1.win32_1.0.100.202602081740/tools/bin/../lib/gcc/arm-none-eabi/14.3.1/../../../../arm-none-eabi/lib/thumb/v7e-m+fp/hard\libc_nano.a(libc_a-findfp.o) (__sread)
C:/ST/STM32CubeIDE_2.2.0/STM32CubeIDE/plugins/com.st.stm32cube.ide.mcu.externaltools.gnu-tools-for-stm32.14.3.rel1.win32_1.0.100.202602081740/tools/bin/../lib/gcc/arm-none-eabi/14.3.1/../../../../arm-none-eabi/lib/thumb/v7e-m+fp/hard\libc_nano.a(libc_a-memset.o)
                              C:/ST/STM32CubeIDE_2.2.0/STM32CubeIDE/plugins/com.st.stm32cube.ide.mcu.externaltools.gnu-tools-for-stm32.14.3.rel1.win32_1.0.100.202602081740/tools/bin/../lib/gcc/arm-none-eabi/14.3.1/../../../../arm-none-eabi/lib/thumb/v7e-m+fp/hard/crt0.o (memset)
C:/ST/STM32CubeIDE_2.2.0/STM32CubeIDE/plugins/com.st.stm32cube.ide.mcu.externaltools.gnu-tools-for-stm32.14.3.rel1.win32_1.0.100.202602081740/tools/bin/../lib/gcc/arm-none-eabi/14.3.1/../../../../arm-none-eabi/lib/thumb/v7e-m+fp/hard\libc_nano.a(libc_a-closer.o)
                              C:/ST/STM32CubeIDE_2.2.0/STM32CubeIDE/plugins/com.st.stm32cube.ide.mcu.externaltools.gnu-tools-for-stm32.14.3.rel1.win32_1.0.100.202602081740/tools/bin/../lib/gcc/arm-none-eabi/14.3.1/../../../../arm-none-eabi/lib/thumb/v7e-m+fp/hard\libc_nano.a(libc_a-stdio.o) (_close_r)
C:/ST/STM32CubeIDE_2.2.0/STM32CubeIDE/plugins/com.st.stm32cube.ide.mcu.externaltools.gnu-tools-for-stm32.14.3.rel1.win32_1.0.100.202602081740/tools/bin/../lib/gcc/arm-none-eabi/14.3.1/../../../../arm-none-eabi/lib/thumb/v7e-m+fp/hard\libc_nano.a(libc_a-reent.o)
                              C:/ST/STM32CubeIDE_2.2.0/STM32CubeIDE/plugins/com.st.stm32cube.ide.mcu.externaltools.gnu-tools-for-stm32.14.3.rel1.win32_1.0.100.202602081740/tools/bin/../lib/gcc/arm-none-eabi/14.3.1/../../../../arm-none-eabi/lib/thumb/v7e-m+fp/hard\libc_nano.a(libc_a-closer.o) (errno)
C:/ST/STM32CubeIDE_2.2.0/STM32CubeIDE/plugins/com.st.stm32cube.ide.mcu.externaltools.gnu-tools-for-stm32.14.3.rel1.win32_1.0.100.202602081740/tools/bin/../lib/gcc/arm-none-eabi/14.3.1/../../../../arm-none-eabi/lib/thumb/v7e-m+fp/hard\libc_nano.a(libc_a-impure.o)
                              C:/ST/STM32CubeIDE_2.2.0/STM32CubeIDE/plugins/com.st.stm32cube.ide.mcu.externaltools.gnu-tools-for-stm32.14.3.rel1.win32_1.0.100.202602081740/tools/bin/../lib/gcc/arm-none-eabi/14.3.1/../../../../arm-none-eabi/lib/thumb/v7e-m+fp/hard\libc_nano.a(libc_a-reent.o) (_impure_ptr)
C:/ST/STM32CubeIDE_2.2.0/STM32CubeIDE/plugins/com.st.stm32cube.ide.mcu.externaltools.gnu-tools-for-stm32.14.3.rel1.win32_1.0.100.202602081740/tools/bin/../lib/gcc/arm-none-eabi/14.3.1/../../../../arm-none-eabi/lib/thumb/v7e-m+fp/hard\libc_nano.a(libc_a-lseekr.o)
[...]
Memory Configuration

Name             Origin             Length             Attributes
RAM              0x20000000         0x00018000         xrw
RAM2             0x10000000         0x00008000         xrw
FLASH            0x08000000         0x00100000         xr
*default*        0x00000000         0xffffffff

Linker script and memory map

LOAD C:/ST/STM32CubeIDE_2.2.0/STM32CubeIDE/plugins/com.st.stm32cube.ide.mcu.externaltools.gnu-tools-for-stm32.14.3.rel1.win32_1.0.100.202602081740/tools/bin/../lib/gcc/arm-none-eabi/14.3.1/thumb/v7e-m+fp/hard/crti.o
LOAD C:/ST/STM32CubeIDE_2.2.0/STM32CubeIDE/plugins/com.st.stm32cube.ide.mcu.externaltools.gnu-tools-for-stm32.14.3.rel1.win32_1.0.100.202602081740/tools/bin/../lib/gcc/arm-none-eabi/14.3.1/thumb/v7e-m+fp/hard/crtbegin.o
LOAD C:/ST/STM32CubeIDE_2.2.0/STM32CubeIDE/plugins/com.st.stm32cube.ide.mcu.externaltools.gnu-tools-for-stm32.14.3.rel1.win32_1.0.100.202602081740/tools/bin/../lib/gcc/arm-none-eabi/14.3.1/../../../../arm-none-eabi/lib/thumb/v7e-m+fp/hard/crt0.o
LOAD ./Core/Src/main.o
LOAD ./Core/Src/stm32l4xx_hal_msp.o
LOAD ./Core/Src/stm32l4xx_it.o
LOAD ./Core/Src/syscalls.o
LOAD ./Core/Src/sysmem.o
LOAD ./Core/Src/system_stm32l4xx.o
LOAD ./Core/Startup/startup_stm32l476rgtx.o
LOAD ./Drivers/BSP/STM32L4xx_Nucleo/stm32l4xx_nucleo.o
LOAD ./Drivers/STM32L4xx_HAL_Driver/Src/stm32l4xx_hal.o
LOAD ./Drivers/STM32L4xx_HAL_Driver/Src/stm32l4xx_hal_cortex.o
LOAD ./Drivers/STM32L4xx_HAL_Driver/Src/stm32l4xx_hal_dma.o
LOAD ./Drivers/STM32L4xx_HAL_Driver/Src/stm32l4xx_hal_dma_ex.o
LOAD ./Drivers/STM32L4xx_HAL_Driver/Src/stm32l4xx_hal_exti.o
LOAD ./Drivers/STM32L4xx_HAL_Driver/Src/stm32l4xx_hal_flash.o
LOAD ./Drivers/STM32L4xx_HAL_Driver/Src/stm32l4xx_hal_flash_ex.o
LOAD ./Drivers/STM32L4xx_HAL_Driver/Src/stm32l4xx_hal_flash_ramfunc.o
LOAD ./Drivers/STM32L4xx_HAL_Driver/Src/stm32l4xx_hal_gpio.o
LOAD ./Drivers/STM32L4xx_HAL_Driver/Src/stm32l4xx_hal_i2c.o
LOAD ./Drivers/STM32L4xx_HAL_Driver/Src/stm32l4xx_hal_i2c_ex.o
LOAD ./Drivers/STM32L4xx_HAL_Driver/Src/stm32l4xx_hal_pwr.o
LOAD ./Drivers/STM32L4xx_HAL_Driver/Src/stm32l4xx_hal_pwr_ex.o
LOAD ./Drivers/STM32L4xx_HAL_Driver/Src/stm32l4xx_hal_rcc.o
LOAD ./Drivers/STM32L4xx_HAL_Driver/Src/stm32l4xx_hal_rcc_ex.o
START GROUP
LOAD C:/ST/STM32CubeIDE_2.2.0/STM32CubeIDE/plugins/com.st.stm32cube.ide.mcu.externaltools.gnu-tools-for-stm32.14.3.rel1.win32_1.0.100.202602081740/tools/bin/../lib/gcc/arm-none-eabi/14.3.1/../../../../arm-none-eabi/lib/thumb/v7e-m+fp/hard\libc_nano.a
LOAD C:/ST/STM32CubeIDE_2.2.0/STM32CubeIDE/plugins/com.st.stm32cube.ide.mcu.externaltools.gnu-tools-for-stm32.14.3.rel1.win32_1.0.100.202602081740/tools/bin/../lib/gcc/arm-none-eabi/14.3.1/../../../../arm-none-eabi/lib/thumb/v7e-m+fp/hard\libm.a
END GROUP
START GROUP
LOAD C:/ST/STM32CubeIDE_2.2.0/STM32CubeIDE/plugins/com.st.stm32cube.ide.mcu.externaltools.gnu-tools-for-stm32.14.3.rel1.win32_1.0.100.202602081740/tools/bin/../lib/gcc/arm-none-eabi/14.3.1/thumb/v7e-m+fp/hard\libgcc.a
LOAD C:/ST/STM32CubeIDE_2.2.0/STM32CubeIDE/plugins/com.st.stm32cube.ide.mcu.externaltools.gnu-tools-for-stm32.14.3.rel1.win32_1.0.100.202602081740/tools/bin/../lib/gcc/arm-none-eabi/14.3.1/../../../../arm-none-eabi/lib/thumb/v7e-m+fp/hard\libc_nano.a
END GROUP
START GROUP
LOAD C:/ST/STM32CubeIDE_2.2.0/STM32CubeIDE/plugins/com.st.stm32cube.ide.mcu.externaltools.gnu-tools-for-stm32.14.3.rel1.win32_1.0.100.202602081740/tools/bin/../lib/gcc/arm-none-eabi/14.3.1/thumb/v7e-m+fp/hard\libgcc.a
LOAD C:/ST/STM32CubeIDE_2.2.0/STM32CubeIDE/plugins/com.st.stm32cube.ide.mcu.externaltools.gnu-tools-for-stm32.14.3.rel1.win32_1.0.100.202602081740/tools/bin/../lib/gcc/arm-none-eabi/14.3.1/../../../../arm-none-eabi/lib/thumb/v7e-m+fp/hard\libc_nano.a
LOAD C:/ST/STM32CubeIDE_2.2.0/STM32CubeIDE/plugins/com.st.stm32cube.ide.mcu.externaltools.gnu-tools-for-stm32.14.3.rel1.win32_1.0.100.202602081740/tools/bin/../lib/gcc/arm-none-eabi/14.3.1/../../../../arm-none-eabi/lib/thumb/v7e-m+fp/hard\libnosys.a
END GROUP
START GROUP
LOAD C:/ST/STM32CubeIDE_2.2.0/STM32CubeIDE/plugins/com.st.stm32cube.ide.mcu.externaltools.gnu-tools-for-stm32.14.3.rel1.win32_1.0.100.202602081740/tools/bin/../lib/gcc/arm-none-eabi/14.3.1/thumb/v7e-m+fp/hard\libgcc.a
LOAD C:/ST/STM32CubeIDE_2.2.0/STM32CubeIDE/plugins/com.st.stm32cube.ide.mcu.externaltools.gnu-tools-for-stm32.14.3.rel1.win32_1.0.100.202602081740/tools/bin/../lib/gcc/arm-none-eabi/14.3.1/../../../../arm-none-eabi/lib/thumb/v7e-m+fp/hard\libc_nano.a
LOAD C:/ST/STM32CubeIDE_2.2.0/STM32CubeIDE/plugins/com.st.stm32cube.ide.mcu.externaltools.gnu-tools-for-stm32.14.3.rel1.win32_1.0.100.202602081740/tools/bin/../lib/gcc/arm-none-eabi/14.3.1/../../../../arm-none-eabi/lib/thumb/v7e-m+fp/hard\libnosys.a
END GROUP
LOAD C:/ST/STM32CubeIDE_2.2.0/STM32CubeIDE/plugins/com.st.stm32cube.ide.mcu.externaltools.gnu-tools-for-stm32.14.3.rel1.win32_1.0.100.202602081740/tools/bin/../lib/gcc/arm-none-eabi/14.3.1/thumb/v7e-m+fp/hard/crtend.o
LOAD C:/ST/STM32CubeIDE_2.2.0/STM32CubeIDE/plugins/com.st.stm32cube.ide.mcu.externaltools.gnu-tools-for-stm32.14.3.rel1.win32_1.0.100.202602081740/tools/bin/../lib/gcc/arm-none-eabi/14.3.1/thumb/v7e-m+fp/hard/crtn.o
                0x20018000                        _estack = (ORIGIN (RAM) + LENGTH (RAM))
                0x00000200                        _Min_Heap_Size = 0x200
                0x00000400                        _Min_Stack_Size = 0x400

.isr_vector     0x08000000      0x188
                0x08000000                        . = ALIGN (0x4)
 *(.isr_vector)
 .isr_vector    0x08000000      0x188 ./Core/Startup/startup_stm32l476rgtx.o
                0x08000000                g_pfnVectors
                0x08000188                        . = ALIGN (0x4)

.text           0x08000188     0x1ba8
                0x08000188                        . = ALIGN (0x4)
 *(.text)
 .text          0x08000188       0x40 C:/ST/STM32CubeIDE_2.2.0/STM32CubeIDE/plugins/com.st.stm32cube.ide.mcu.externaltools.gnu-tools-for-stm32.14.3.rel1.win32_1.0.100.202602081740/tools/bin/../lib/gcc/arm-none-eabi/14.3.1/thumb/v7e-m+fp/hard/crtbegin.o
 *(.text*)
 .text.main     0x080001c8      0x15c ./Core/Src/main.o
                0x080001c8                main
 .text.SystemClock_Config
                0x08000324       0xa2 ./Core/Src/main.o
                0x08000324                SystemClock_Config
 *fill*         0x080003c6        0x2 
 .text.MX_GPIO_Init
                0x080003c8      0x15c ./Core/Src/main.o
 .text.PatronLed
                0x08000524       0x58 ./Core/Src/main.o
                0x08000524                PatronLed
 .text.prendidas
                0x0800057c       0x44 ./Core/Src/main.o
                0x0800057c                prendidas
 .text.apagadas
                0x080005c0       0x44 ./Core/Src/main.o
                0x080005c0                apagadas
 .text.izquierda
                0x08000604       0x4e ./Core/Src/main.o
                0x08000604                izquierda
 .text.derecha  0x08000652       0x4a ./Core/Src/main.o
                0x08000652                derecha
 .text.Error_Handler
                0x0800069c        0xc ./Core/Src/main.o
                0x0800069c                Error_Handler
 .text.HAL_MspInit
                0x080006a8       0x48 ./Core/Src/stm32l4xx_hal_msp.o
                0x080006a8                HAL_MspInit
 .text.NMI_Handler
                0x080006f0        0x8 ./Core/Src/stm32l4xx_it.o
                0x080006f0                NMI_Handler
 .text.HardFault_Handler
                0x080006f8        0x8 ./Core/Src/stm32l4xx_it.o
                0x080006f8                HardFault_Handler
 .text.MemManage_Handler
                0x08000700        0x8 ./Core/Src/stm32l4xx_it.o
                0x08000700                MemManage_Handler
 .text.BusFault_Handler
                0x08000708        0x8 ./Core/Src/stm32l4xx_it.o
                0x08000708                BusFault_Handler
 .text.UsageFault_Handler
                0x08000710        0x8 ./Core/Src/stm32l4xx_it.o
                0x08000710                UsageFault_Handler
 .text.SVC_Handler
                0x08000718        0xe ./Core/Src/stm32l4xx_it.o
                0x08000718                SVC_Handler
 .text.DebugMon_Handler
                0x08000726        0xe ./Core/Src/stm32l4xx_it.o
                0x08000726                DebugMon_Handler
 .text.PendSV_Handler
                0x08000734        0xe ./Core/Src/stm32l4xx_it.o
                0x08000734                PendSV_Handler
 .text.SysTick_Handler
                0x08000742        0xc ./Core/Src/stm32l4xx_it.o
                0x08000742                SysTick_Handler
 .text.EXTI15_10_IRQHandler
                0x0800074e       0x10 ./Core/Src/stm32l4xx_it.o
                0x0800074e                EXTI15_10_IRQHandler
 *fill*         0x0800075e        0x2 
 .text.SystemInit
                0x08000760       0x24 ./Core/Src/system_stm32l4xx.o
                0x08000760                SystemInit
 .text.Reset_Handler
                0x08000784       0x50 ./Core/Startup/startup_stm32l476rgtx.o
                0x08000784                Reset_Handler
 .text.Default_Handler
                0x080007d4        0x2 ./Core/Startup/startup_stm32l476rgtx.o
                0x080007d4                RTC_Alarm_IRQHandler
                0x080007d4                EXTI2_IRQHandler
                0x080007d4                TIM8_TRG_COM_IRQHandler
                0x080007d4                TIM8_CC_IRQHandler
                0x080007d4                TIM1_CC_IRQHandler
                0x080007d4                TSC_IRQHandler
                0x080007d4                TAMP_STAMP_IRQHandler
                0x080007d4                EXTI3_IRQHandler
                0x080007d4                LPTIM2_IRQHandler
                0x080007d4                DFSDM1_FLT1_IRQHandler
                0x080007d4                I2C3_ER_IRQHandler
                0x080007d4                DFSDM1_FLT2_IRQHandler
                0x080007d4                EXTI0_IRQHandler
                0x080007d4                I2C2_EV_IRQHandler
                0x080007d4                CAN1_RX0_IRQHandler
                0x080007d4                FPU_IRQHandler
                0x080007d4                TIM1_UP_TIM16_IRQHandler
                0x080007d4                ADC1_2_IRQHandler
                0x080007d4                SPI1_IRQHandler
                0x080007d4                TIM6_DAC_IRQHandler
                0x080007d4                TIM8_UP_IRQHandler
                0x080007d4                DMA2_Channel2_IRQHandler
                0x080007d4                DMA1_Channel4_IRQHandler
                0x080007d4                SAI2_IRQHandler
                0x080007d4                DFSDM1_FLT3_IRQHandler
                0x080007d4                USART3_IRQHandler
                0x080007d4                DMA1_Channel7_IRQHandler
                0x080007d4                CAN1_RX1_IRQHandler
                0x080007d4                LCD_IRQHandler
                0x080007d4                UART5_IRQHandler
                0x080007d4                ADC3_IRQHandler
                0x080007d4                TIM4_IRQHandler
                0x080007d4                DMA2_Channel1_IRQHandler
                0x080007d4                QUADSPI_IRQHandler
                0x080007d4                I2C1_EV_IRQHandler
                0x080007d4                DMA1_Channel6_IRQHandler
                0x080007d4                UART4_IRQHandler
                0x080007d4                DMA2_Channel4_IRQHandler
                0x080007d4                TIM3_IRQHandler
                0x080007d4                RCC_IRQHandler
                0x080007d4                DMA1_Channel1_IRQHandler
                0x080007d4                Default_Handler
                0x080007d4                DMA2_Channel7_IRQHandler
                0x080007d4                TIM7_IRQHandler
                0x080007d4                SDMMC1_IRQHandler
                0x080007d4                TIM5_IRQHandler
                0x080007d4                I2C3_EV_IRQHandler
                0x080007d4                EXTI9_5_IRQHandler
                0x080007d4                RTC_WKUP_IRQHandler
                0x080007d4                PVD_PVM_IRQHandler
                0x080007d4                SPI2_IRQHandler
                0x080007d4                CAN1_TX_IRQHandler
                0x080007d4                DMA2_Channel5_IRQHandler
                0x080007d4                DMA1_Channel5_IRQHandler
                0x080007d4                EXTI4_IRQHandler
                0x080007d4                RNG_IRQHandler
                0x080007d4                TIM1_TRG_COM_TIM17_IRQHandler
                0x080007d4                DMA1_Channel3_IRQHandler
                0x080007d4                COMP_IRQHandler
                0x080007d4                WWDG_IRQHandler
                0x080007d4                LPUART1_IRQHandler
                0x080007d4                DMA2_Channel6_IRQHandler
                0x080007d4                TIM2_IRQHandler
                0x080007d4                EXTI1_IRQHandler
                0x080007d4                USART2_IRQHandler
                0x080007d4                DFSDM1_FLT0_IRQHandler
                0x080007d4                I2C2_ER_IRQHandler
                0x080007d4                DMA1_Channel2_IRQHandler
                0x080007d4                TIM8_BRK_IRQHandler
                0x080007d4                CAN1_SCE_IRQHandler
                0x080007d4                FLASH_IRQHandler
                0x080007d4                USART1_IRQHandler
                0x080007d4                OTG_FS_IRQHandler
                0x080007d4                SPI3_IRQHandler
                0x080007d4                I2C1_ER_IRQHandler
                0x080007d4                FMC_IRQHandler
                0x080007d4                SWPMI1_IRQHandler
                0x080007d4                LPTIM1_IRQHandler
                0x080007d4                SAI1_IRQHandler
                0x080007d4                DMA2_Channel3_IRQHandler
                0x080007d4                TIM1_BRK_TIM15_IRQHandler
 *fill*         0x080007d6        0x2 
 .text.BSP_LED_Init
                0x080007d8       0x6c ./Drivers/BSP/STM32L4xx_Nucleo/stm32l4xx_nucleo.o
                0x080007d8                BSP_LED_Init
 .text.BSP_PB_Init
                0x08000844       0xc4 ./Drivers/BSP/STM32L4xx_Nucleo/stm32l4xx_nucleo.o
                0x08000844                BSP_PB_Init
 .text.HAL_Init
                0x08000908       0x40 ./Drivers/STM32L4xx_HAL_Driver/Src/stm32l4xx_hal.o
                0x08000908                HAL_Init
 .text.HAL_InitTick
                0x08000948       0x78 ./Drivers/STM32L4xx_HAL_Driver/Src/stm32l4xx_hal.o
                0x08000948                HAL_InitTick
 .text.HAL_IncTick
                0x080009c0       0x28 ./Drivers/STM32L4xx_HAL_Driver/Src/stm32l4xx_hal.o
                0x080009c0                HAL_IncTick
 .text.HAL_GetTick
                0x080009e8       0x18 ./Drivers/STM32L4xx_HAL_Driver/Src/stm32l4xx_hal.o
                0x080009e8                HAL_GetTick
 .text.HAL_Delay
                0x08000a00       0x48 ./Drivers/STM32L4xx_HAL_Driver/Src/stm32l4xx_hal.o
                0x08000a00                HAL_Delay
 .text.__NVIC_SetPriorityGrouping
                0x08000a48       0x48 ./Drivers/STM32L4xx_HAL_Driver/Src/stm32l4xx_hal_cortex.o
 .text.__NVIC_GetPriorityGrouping
                0x08000a90       0x1c ./Drivers/STM32L4xx_HAL_Driver/Src/stm32l4xx_hal_cortex.o
 .text.__NVIC_EnableIRQ
                0x08000aac       0x3c ./Drivers/STM32L4xx_HAL_Driver/Src/stm32l4xx_hal_cortex.o
 .text.__NVIC_SetPriority
                0x08000ae8       0x54 ./Drivers/STM32L4xx_HAL_Driver/Src/stm32l4xx_hal_cortex.o
 .text.NVIC_EncodePriority
                0x08000b3c       0x66 ./Drivers/STM32L4xx_HAL_Driver/Src/stm32l4xx_hal_cortex.o
 *fill*         0x08000ba2        0x2 
 .text.SysTick_Config
                0x08000ba4       0x44 ./Drivers/STM32L4xx_HAL_Driver/Src/stm32l4xx_hal_cortex.o
 .text.HAL_NVIC_SetPriorityGrouping
                0x08000be8       0x16 ./Drivers/STM32L4xx_HAL_Driver/Src/stm32l4xx_hal_cortex.o
                0x08000be8                HAL_NVIC_SetPriorityGrouping
 .text.HAL_NVIC_SetPriority
                0x08000bfe       0x38 ./Drivers/STM32L4xx_HAL_Driver/Src/stm32l4xx_hal_cortex.o
                0x08000bfe                HAL_NVIC_SetPriority
 .text.HAL_NVIC_EnableIRQ
                0x08000c36       0x1c ./Drivers/STM32L4xx_HAL_Driver/Src/stm32l4xx_hal_cortex.o
                0x08000c36                HAL_NVIC_EnableIRQ
 .text.HAL_SYSTICK_Config
                0x08000c52       0x18 ./Drivers/STM32L4xx_HAL_Driver/Src/stm32l4xx_hal_cortex.o
                0x08000c52                HAL_SYSTICK_Config
 *fill*         0x08000c6a        0x2 
 .text.HAL_GPIO_Init
                0x08000c6c      0x354 ./Drivers/STM32L4xx_HAL_Driver/Src/stm32l4xx_hal_gpio.o
                0x08000c6c                HAL_GPIO_Init
 .text.HAL_GPIO_ReadPin
                0x08000fc0       0x30 ./Drivers/STM32L4xx_HAL_Driver/Src/stm32l4xx_hal_gpio.o
                0x08000fc0                HAL_GPIO_ReadPin
 .text.HAL_GPIO_WritePin
                0x08000ff0       0x30 ./Drivers/STM32L4xx_HAL_Driver/Src/stm32l4xx_hal_gpio.o
                0x08000ff0                HAL_GPIO_WritePin
 .text.HAL_GPIO_EXTI_IRQHandler
                0x08001020       0x30 ./Drivers/STM32L4xx_HAL_Driver/Src/stm32l4xx_hal_gpio.o
                0x08001020                HAL_GPIO_EXTI_IRQHandler
 .text.HAL_GPIO_EXTI_Callback
                0x08001050       0x16 ./Drivers/STM32L4xx_HAL_Driver/Src/stm32l4xx_hal_gpio.o
                0x08001050                HAL_GPIO_EXTI_Callback
 *fill*         0x08001066        0x2 
 .text.HAL_PWREx_GetVoltageRange
                0x08001068       0x1c ./Drivers/STM32L4xx_HAL_Driver/Src/stm32l4xx_hal_pwr_ex.o
                0x08001068                HAL_PWREx_GetVoltageRange
 .text.HAL_PWREx_ControlVoltageScaling
                0x08001084       0xac ./Drivers/STM32L4xx_HAL_Driver/Src/stm32l4xx_hal_pwr_ex.o
                0x08001084                HAL_PWREx_ControlVoltageScaling
 .text.HAL_RCC_OscConfig
                0x08001130      0x7b8 ./Drivers/STM32L4xx_HAL_Driver/Src/stm32l4xx_hal_rcc.o
                0x08001130                HAL_RCC_OscConfig
 .text.HAL_RCC_ClockConfig
                0x080018e8      0x200 ./Drivers/STM32L4xx_HAL_Driver/Src/stm32l4xx_hal_rcc.o
                0x080018e8                HAL_RCC_ClockConfig
 .text.HAL_RCC_GetSysClockFreq
                0x08001ae8      0x118 ./Drivers/STM32L4xx_HAL_Driver/Src/stm32l4xx_hal_rcc.o
                0x08001ae8                HAL_RCC_GetSysClockFreq
 .text.RCC_SetFlashLatencyFromMSIRange
                0x08001c00       0xc0 ./Drivers/STM32L4xx_HAL_Driver/Src/stm32l4xx_hal_rcc.o
 .text.memset   0x08001cc0       0x10 C:/ST/STM32CubeIDE_2.2.0/STM32CubeIDE/plugins/com.st.stm32cube.ide.mcu.externaltools.gnu-tools-for-stm32.14.3.rel1.win32_1.0.100.202602081740/tools/bin/../lib/gcc/arm-none-eabi/14.3.1/../../../../arm-none-eabi/lib/thumb/v7e-m+fp/hard\libc_nano.a(libc_a-memset.o)
                0x08001cc0                memset
 .text.__libc_init_array
                0x08001cd0       0x48 C:/ST/STM32CubeIDE_2.2.0/STM32CubeIDE/plugins/com.st.stm32cube.ide.mcu.externaltools.gnu-tools-for-stm32.14.3.rel1.win32_1.0.100.202602081740/tools/bin/../lib/gcc/arm-none-eabi/14.3.1/../../../../arm-none-eabi/lib/thumb/v7e-m+fp/hard\libc_nano.a(libc_a-init.o)
                0x08001cd0                __libc_init_array
 *(.glue_7)
 .glue_7        0x08001d18        0x0 linker stubs
 *(.glue_7t)
 .glue_7t       0x08001d18        0x0 linker stubs
 *(.eh_frame)
 .eh_frame      0x08001d18        0x0 C:/ST/STM32CubeIDE_2.2.0/STM32CubeIDE/plugins/com.st.stm32cube.ide.mcu.externaltools.gnu-tools-for-stm32.14.3.rel1.win32_1.0.100.202602081740/tools/bin/../lib/gcc/arm-none-eabi/14.3.1/thumb/v7e-m+fp/hard/crtbegin.o
 *(.init)
 .init          0x08001d18        0x4 C:/ST/STM32CubeIDE_2.2.0/STM32CubeIDE/plugins/com.st.stm32cube.ide.mcu.externaltools.gnu-tools-for-stm32.14.3.rel1.win32_1.0.100.202602081740/tools/bin/../lib/gcc/arm-none-eabi/14.3.1/thumb/v7e-m+fp/hard/crti.o
                0x08001d18                _init
 .init          0x08001d1c        0x8 C:/ST/STM32CubeIDE_2.2.0/STM32CubeIDE/plugins/com.st.stm32cube.ide.mcu.externaltools.gnu-tools-for-stm32.14.3.rel1.win32_1.0.100.202602081740/tools/bin/../lib/gcc/arm-none-eabi/14.3.1/thumb/v7e-m+fp/hard/crtn.o
 *(.fini)
 .fini          0x08001d24        0x4 C:/ST/STM32CubeIDE_2.2.0/STM32CubeIDE/plugins/com.st.stm32cube.ide.mcu.externaltools.gnu-tools-for-stm32.14.3.rel1.win32_1.0.100.202602081740/tools/bin/../lib/gcc/arm-none-eabi/14.3.1/thumb/v7e-m+fp/hard/crti.o
                0x08001d24                _fini
 .fini          0x08001d28        0x8 C:/ST/STM32CubeIDE_2.2.0/STM32CubeIDE/plugins/com.st.stm32cube.ide.mcu.externaltools.gnu-tools-for-stm32.14.3.rel1.win32_1.0.100.202602081740/tools/bin/../lib/gcc/arm-none-eabi/14.3.1/thumb/v7e-m+fp/hard/crtn.o
                0x08001d30                        . = ALIGN (0x4)
                0x08001d30                        _etext = .

.vfp11_veneer   0x08001d30        0x0
 .vfp11_veneer  0x08001d30        0x0 linker stubs

.v4_bx          0x08001d30        0x0
 .v4_bx         0x08001d30        0x0 linker stubs

.iplt           0x08001d30        0x0
 .iplt          0x08001d30        0x0 C:/ST/STM32CubeIDE_2.2.0/STM32CubeIDE/plugins/com.st.stm32cube.ide.mcu.externaltools.gnu-tools-for-stm32.14.3.rel1.win32_1.0.100.202602081740/tools/bin/../lib/gcc/arm-none-eabi/14.3.1/thumb/v7e-m+fp/hard/crtbegin.o

.rodata         0x08001d30       0x40
                0x08001d30                        . = ALIGN (0x4)
 *(.rodata)
 *(.rodata*)
 .rodata.AHBPrescTable
                0x08001d30       0x10 ./Core/Src/system_stm32l4xx.o
                0x08001d30                AHBPrescTable
 .rodata.MSIRangeTable
                0x08001d40       0x30 ./Core/Src/system_stm32l4xx.o
                0x08001d40                MSIRangeTable
                0x08001d70                        . = ALIGN (0x4)

.ARM.extab      0x08001d70        0x0
                0x08001d70                        . = ALIGN (0x4)
 *(.ARM.extab* .gnu.linkonce.armextab.*)
                0x08001d70                        . = ALIGN (0x4)

.ARM            0x08001d70        0x0
                0x08001d70                        . = ALIGN (0x4)
                0x08001d70                        __exidx_start = .
 *(.ARM.exidx*)
                0x08001d70                        __exidx_end = .
                0x08001d70                        . = ALIGN (0x4)

.preinit_array  0x08001d70        0x0
                0x08001d70                        . = ALIGN (0x4)
                0x08001d70                        PROVIDE (__preinit_array_start = .)
 *(.preinit_array*)
                0x08001d70                        PROVIDE (__preinit_array_end = .)
                0x08001d70                        . = ALIGN (0x4)

.init_array     0x08001d70        0x4
                0x08001d70                        . = ALIGN (0x4)
                0x08001d70                        PROVIDE (__init_array_start = .)
 *(SORT_BY_NAME(.init_array.*))
 *(.init_array*)
 .init_array    0x08001d70        0x4 C:/ST/STM32CubeIDE_2.2.0/STM32CubeIDE/plugins/com.st.stm32cube.ide.mcu.externaltools.gnu-tools-for-stm32.14.3.rel1.win32_1.0.100.202602081740/tools/bin/../lib/gcc/arm-none-eabi/14.3.1/thumb/v7e-m+fp/hard/crtbegin.o
                0x08001d74                        PROVIDE (__init_array_end = .)
                0x08001d74                        . = ALIGN (0x4)

.fini_array     0x08001d74        0x4
                0x08001d74                        . = ALIGN (0x4)
                [!provide]                        PROVIDE (__fini_array_start = .)
 *(SORT_BY_NAME(.fini_array.*))
 *(.fini_array*)
 .fini_array    0x08001d74        0x4 C:/ST/STM32CubeIDE_2.2.0/STM32CubeIDE/plugins/com.st.stm32cube.ide.mcu.externaltools.gnu-tools-for-stm32.14.3.rel1.win32_1.0.100.202602081740/tools/bin/../lib/gcc/arm-none-eabi/14.3.1/thumb/v7e-m+fp/hard/crtbegin.o
                [!provide]                        PROVIDE (__fini_array_end = .)
                0x08001d78                        . = ALIGN (0x4)
                0x08001d78                        _sidata = LOADADDR (.data)

.rel.dyn        0x08001d78        0x0
 .rel.iplt      0x08001d78        0x0 C:/ST/STM32CubeIDE_2.2.0/STM32CubeIDE/plugins/com.st.stm32cube.ide.mcu.externaltools.gnu-tools-for-stm32.14.3.rel1.win32_1.0.100.202602081740/tools/bin/../lib/gcc/arm-none-eabi/14.3.1/thumb/v7e-m+fp/hard/crtbegin.o

.data           0x20000000       0x74 load address 0x08001d78
                0x20000000                        . = ALIGN (0x4)
                0x20000000                        _sdata = .
 *(.data)
 *(.data*)
 .data.LED_PORT
                0x20000000       0x20 ./Core/Src/main.o
                0x20000000                LED_PORT
 .data.LED_PIN  0x20000020       0x20 ./Core/Src/main.o
                0x20000020                LED_PIN
 .data.patron   0x20000040       0x20 ./Core/Src/main.o
                0x20000040                patron
 .data.SystemCoreClock
                0x20000060        0x4 ./Core/Src/system_stm32l4xx.o
                0x20000060                SystemCoreClock
 .data.GPIO_PORT
                0x20000064        0x4 ./Drivers/BSP/STM32L4xx_Nucleo/stm32l4xx_nucleo.o
                0x20000064                GPIO_PORT
 .data.BUTTON_PORT
                0x20000068        0x4 ./Drivers/BSP/STM32L4xx_Nucleo/stm32l4xx_nucleo.o
                0x20000068                BUTTON_PORT
 .data.uwTickPrio
                0x2000006c        0x4 ./Drivers/STM32L4xx_HAL_Driver/Src/stm32l4xx_hal.o
                0x2000006c                uwTickPrio
 .data.uwTickFreq
                0x20000070        0x1 ./Drivers/STM32L4xx_HAL_Driver/Src/stm32l4xx_hal.o
                0x20000070                uwTickFreq
 *(.RamFunc)
 *(.RamFunc*)
                0x20000074                        . = ALIGN (0x4)
 *fill*         0x20000071        0x3 
                0x20000074                        _edata = .

.igot.plt       0x20000074        0x0 load address 0x08001dec
 .igot.plt      0x20000074        0x0 C:/ST/STM32CubeIDE_2.2.0/STM32CubeIDE/plugins/com.st.stm32cube.ide.mcu.externaltools.gnu-tools-for-stm32.14.3.rel1.win32_1.0.100.202602081740/tools/bin/../lib/gcc/arm-none-eabi/14.3.1/thumb/v7e-m+fp/hard/crtbegin.o
                0x20000074                        . = ALIGN (0x4)

.bss            0x20000074       0x38 load address 0x08001dec
                0x20000074                        _sbss = .
                0x20000074                        __bss_start__ = _sbss
 *(.bss)
 .bss           0x20000074       0x1c C:/ST/STM32CubeIDE_2.2.0/STM32CubeIDE/plugins/com.st.stm32cube.ide.mcu.externaltools.gnu-tools-for-stm32.14.3.rel1.win32_1.0.100.202602081740/tools/bin/../lib/gcc/arm-none-eabi/14.3.1/thumb/v7e-m+fp/hard/crtbegin.o
 *(.bss*)
 .bss.S_azul_act
                0x20000090        0x4 ./Core/Src/main.o
                0x20000090                S_azul_act
 .bss.S_azul_prev
                0x20000094        0x4 ./Core/Src/main.o
                0x20000094                S_azul_prev
 .bss.S1        0x20000098        0x4 ./Core/Src/main.o
                0x20000098                S1
 .bss.S2        0x2000009c        0x4 ./Core/Src/main.o
                0x2000009c                S2
 .bss.pausa     0x200000a0        0x4 ./Core/Src/main.o
                0x200000a0                pausa
 .bss.estado    0x200000a4        0x4 ./Core/Src/main.o
                0x200000a4                estado
 .bss.uwTick    0x200000a8        0x4 ./Drivers/STM32L4xx_HAL_Driver/Src/stm32l4xx_hal.o
                0x200000a8                uwTick
 *(COMMON)
                0x200000ac                        . = ALIGN (0x4)
                0x200000ac                        _ebss = .
                0x200000ac                        __bss_end__ = _ebss

._user_heap_stack
                0x200000ac      0x604 load address 0x08001dec
                0x200000b0                        . = ALIGN (0x8)
 *fill*         0x200000ac        0x4 
                [!provide]                        PROVIDE (end = .)
                0x200000b0                        PROVIDE (_end = .)
                0x200002b0                        . = (. + _Min_Heap_Size)
 *fill*         0x200000b0      0x200 
                0x200006b0                        . = (. + _Min_Stack_Size)
 *fill*         0x200002b0      0x400 
                0x200006b0                        . = ALIGN (0x8)

/DISCARD/
 libc.a(*)
 libm.a(*)
 libgcc.a(*)

.ARM.attributes
                0x00000000       0x30
 *(.ARM.attributes)
 .ARM.attributes
                0x00000000       0x22 C:/ST/STM32CubeIDE_2.2.0/STM32CubeIDE/plugins/com.st.stm32cube.ide.mcu.externaltools.gnu-tools-for-stm32.14.3.rel1.win32_1.0.100.202602081740/tools/bin/../lib/gcc/arm-none-eabi/14.3.1/thumb/v7e-m+fp/hard/crti.o
 .ARM.attributes
                0x00000022       0x34 C:/ST/STM32CubeIDE_2.2.0/STM32CubeIDE/plugins/com.st.stm32cube.ide.mcu.externaltools.gnu-tools-for-stm32.14.3.rel1.win32_1.0.100.202602081740/tools/bin/../lib/gcc/arm-none-eabi/14.3.1/thumb/v7e-m+fp/hard/crtbegin.o
 .ARM.attributes
                0x00000056       0x34 ./Core/Src/main.o
 .ARM.attributes
                0x0000008a       0x34 ./Core/Src/stm32l4xx_hal_msp.o
 .ARM.attributes
                0x000000be       0x34 ./Core/Src/stm32l4xx_it.o
 .ARM.attributes
                0x000000f2       0x34 ./Core/Src/system_stm32l4xx.o
 .ARM.attributes
                0x00000126       0x21 ./Core/Startup/startup_stm32l476rgtx.o
 .ARM.attributes
                0x00000147       0x34 ./Drivers/BSP/STM32L4xx_Nucleo/stm32l4xx_nucleo.o
 .ARM.attributes
                0x0000017b       0x34 ./Drivers/STM32L4xx_HAL_Driver/Src/stm32l4xx_hal.o
 .ARM.attributes
                0x000001af       0x34 ./Drivers/STM32L4xx_HAL_Driver/Src/stm32l4xx_hal_cortex.o
 .ARM.attributes
                0x000001e3       0x34 ./Drivers/STM32L4xx_HAL_Driver/Src/stm32l4xx_hal_gpio.o
 .ARM.attributes
                0x00000217       0x34 ./Drivers/STM32L4xx_HAL_Driver/Src/stm32l4xx_hal_pwr_ex.o
 .ARM.attributes
                0x0000024b       0x34 ./Drivers/STM32L4xx_HAL_Driver/Src/stm32l4xx_hal_rcc.o
 .ARM.attributes
                0x0000027f       0x34 C:/ST/STM32CubeIDE_2.2.0/STM32CubeIDE/plugins/com.st.stm32cube.ide.mcu.externaltools.gnu-tools-for-stm32.14.3.rel1.win32_1.0.100.202602081740/tools/bin/../lib/gcc/arm-none-eabi/14.3.1/../../../../arm-none-eabi/lib/thumb/v7e-m+fp/hard\libc_nano.a(libc_a-memset.o)
 .ARM.attributes
                0x000002b3       0x34 C:/ST/STM32CubeIDE_2.2.0/STM32CubeIDE/plugins/com.st.stm32cube.ide.mcu.externaltools.gnu-tools-for-stm32.14.3.rel1.win32_1.0.100.202602081740/tools/bin/../lib/gcc/arm-none-eabi/14.3.1/../../../../arm-none-eabi/lib/thumb/v7e-m+fp/hard\libc_nano.a(libc_a-init.o)
 .ARM.attributes
                0x000002e7       0x22 C:/ST/STM32CubeIDE_2.2.0/STM32CubeIDE/plugins/com.st.stm32cube.ide.mcu.externaltools.gnu-tools-for-stm32.14.3.rel1.win32_1.0.100.202602081740/tools/bin/../lib/gcc/arm-none-eabi/14.3.1/thumb/v7e-m+fp/hard/crtn.o
OUTPUT(botonera.elf elf32-littlearm)
LOAD linker stubs
LOAD C:/ST/STM32CubeIDE_2.2.0/STM32CubeIDE/plugins/com.st.stm32cube.ide.mcu.externaltools.gnu-tools-for-stm32.14.3.rel1.win32_1.0.100.202602081740/tools/bin/../lib/gcc/arm-none-eabi/14.3.1/../../../../arm-none-eabi/lib/thumb/v7e-m+fp/hard\libc.a
LOAD C:/ST/STM32CubeIDE_2.2.0/STM32CubeIDE/plugins/com.st.stm32cube.ide.mcu.externaltools.gnu-tools-for-stm32.14.3.rel1.win32_1.0.100.202602081740/tools/bin/../lib/gcc/arm-none-eabi/14.3.1/../../../../arm-none-eabi/lib/thumb/v7e-m+fp/hard\libm.a
LOAD C:/ST/STM32CubeIDE_2.2.0/STM32CubeIDE/plugins/com.st.stm32cube.ide.mcu.externaltools.gnu-tools-for-stm32.14.3.rel1.win32_1.0.100.202602081740/tools/bin/../lib/gcc/arm-none-eabi/14.3.1/thumb/v7e-m+fp/hard\libgcc.a

.debug_info     0x00000000     0x55b3
 .debug_info    0x00000000      0x9d3 ./Core/Src/main.o
 .debug_info    0x000009d3      0x301 ./Core/Src/stm32l4xx_hal_msp.o
 .debug_info    0x00000cd4      0x190 ./Core/Src/stm32l4xx_it.o
 .debug_info    0x00000e64      0x5e2 ./Core/Src/system_stm32l4xx.o
 .debug_info    0x00001446       0x30 ./Core/Startup/startup_stm32l476rgtx.o
 .debug_info    0x00001476      0x995 ./Drivers/BSP/STM32L4xx_Nucleo/stm32l4xx_nucleo.o
 .debug_info    0x00001e0b      0xc4d ./Drivers/STM32L4xx_HAL_Driver/Src/stm32l4xx_hal.o
 .debug_info    0x00002a58      0xdad ./Drivers/STM32L4xx_HAL_Driver/Src/stm32l4xx_hal_cortex.o
 .debug_info    0x00003805      0x79f ./Drivers/STM32L4xx_HAL_Driver/Src/stm32l4xx_hal_gpio.o
 .debug_info    0x00003fa4      0x9ca ./Drivers/STM32L4xx_HAL_Driver/Src/stm32l4xx_hal_pwr_ex.o
 .debug_info    0x0000496e      0xc45 ./Drivers/STM32L4xx_HAL_Driver/Src/stm32l4xx_hal_rcc.o

.debug_abbrev   0x00000000     0x1389
 .debug_abbrev  0x00000000      0x292 ./Core/Src/main.o
 .debug_abbrev  0x00000292       0xdd ./Core/Src/stm32l4xx_hal_msp.o
 .debug_abbrev  0x0000036f       0xca ./Core/Src/stm32l4xx_it.o
 .debug_abbrev  0x00000439      0x117 ./Core/Src/system_stm32l4xx.o
 .debug_abbrev  0x00000550       0x24 ./Core/Startup/startup_stm32l476rgtx.o
 .debug_abbrev  0x00000574      0x210 ./Drivers/BSP/STM32L4xx_Nucleo/stm32l4xx_nucleo.o
 .debug_abbrev  0x00000784      0x243 ./Drivers/STM32L4xx_HAL_Driver/Src/stm32l4xx_hal.o
 .debug_abbrev  0x000009c7      0x31c ./Drivers/STM32L4xx_HAL_Driver/Src/stm32l4xx_hal_cortex.o
 .debug_abbrev  0x00000ce3      0x1d1 ./Drivers/STM32L4xx_HAL_Driver/Src/stm32l4xx_hal_gpio.o
 .debug_abbrev  0x00000eb4      0x1f9 ./Drivers/STM32L4xx_HAL_Driver/Src/stm32l4xx_hal_pwr_ex.o
 .debug_abbrev  0x000010ad      0x2dc ./Drivers/STM32L4xx_HAL_Driver/Src/stm32l4xx_hal_rcc.o

.debug_aranges  0x00000000      0x638
 .debug_aranges
                0x00000000       0x60 ./Core/Src/main.o
 .debug_aranges
                0x00000060       0x20 ./Core/Src/stm32l4xx_hal_msp.o
 .debug_aranges
                0x00000080       0x68 ./Core/Src/stm32l4xx_it.o
 .debug_aranges
                0x000000e8       0x28 ./Core/Src/system_stm32l4xx.o
 .debug_aranges
                0x00000110       0x28 ./Core/Startup/startup_stm32l476rgtx.o
 .debug_aranges
                0x00000138       0x60 ./Drivers/BSP/STM32L4xx_Nucleo/stm32l4xx_nucleo.o
 .debug_aranges
                0x00000198      0x130 ./Drivers/STM32L4xx_HAL_Driver/Src/stm32l4xx_hal.o
 .debug_aranges
                0x000002c8      0x128 ./Drivers/STM32L4xx_HAL_Driver/Src/stm32l4xx_hal_cortex.o
 .debug_aranges
                0x000003f0       0x58 ./Drivers/STM32L4xx_HAL_Driver/Src/stm32l4xx_hal_gpio.o
 .debug_aranges
                0x00000448      0x160 ./Drivers/STM32L4xx_HAL_Driver/Src/stm32l4xx_hal_pwr_ex.o
 .debug_aranges
                0x000005a8       0x90 ./Drivers/STM32L4xx_HAL_Driver/Src/stm32l4xx_hal_rcc.o

.debug_rnglists
                0x00000000      0x487
 .debug_rnglists
                0x00000000       0x46 ./Core/Src/main.o
 .debug_rnglists
                0x00000046       0x13 ./Core/Src/stm32l4xx_hal_msp.o
 .debug_rnglists
                0x00000059       0x49 ./Core/Src/stm32l4xx_it.o
 .debug_rnglists
                0x000000a2       0x1a ./Core/Src/system_stm32l4xx.o
 .debug_rnglists
                0x000000bc       0x19 ./Core/Startup/startup_stm32l476rgtx.o
 .debug_rnglists
                0x000000d5       0x44 ./Drivers/BSP/STM32L4xx_Nucleo/stm32l4xx_nucleo.o
 .debug_rnglists
                0x00000119       0xdf ./Drivers/STM32L4xx_HAL_Driver/Src/stm32l4xx_hal.o
 .debug_rnglists
                0x000001f8       0xda ./Drivers/STM32L4xx_HAL_Driver/Src/stm32l4xx_hal_cortex.o
 .debug_rnglists
                0x000002d2       0x3f ./Drivers/STM32L4xx_HAL_Driver/Src/stm32l4xx_hal_gpio.o
 .debug_rnglists
                0x00000311      0x109 ./Drivers/STM32L4xx_HAL_Driver/Src/stm32l4xx_hal_pwr_ex.o
 .debug_rnglists
                0x0000041a       0x6d ./Drivers/STM32L4xx_HAL_Driver/Src/stm32l4xx_hal_rcc.o

.debug_macro    0x00000000    0x24ab7
 .debug_macro   0x00000000      0x1c5 ./Core/Src/main.o
 .debug_macro   0x000001c5      0xade ./Core/Src/main.o
 .debug_macro   0x00000ca3      0x19b ./Core/Src/main.o
 .debug_macro   0x00000e3e       0x2e ./Core/Src/main.o
 .debug_macro   0x00000e6c       0x28 ./Core/Src/main.o
 .debug_macro   0x00000e94       0x22 ./Core/Src/main.o
 .debug_macro   0x00000eb6       0x8e ./Core/Src/main.o
 .debug_macro   0x00000f44       0x51 ./Core/Src/main.o
 .debug_macro   0x00000f95      0x103 ./Core/Src/main.o
 .debug_macro   0x00001098       0x6a ./Core/Src/main.o
 .debug_macro   0x00001102      0x1df ./Core/Src/main.o
 .debug_macro   0x000012e1       0x1c ./Core/Src/main.o
 .debug_macro   0x000012fd       0x22 ./Core/Src/main.o
 .debug_macro   0x0000131f       0xfb ./Core/Src/main.o
 .debug_macro   0x0000141a     0x1011 ./Core/Src/main.o
 .debug_macro   0x0000242b      0x11f ./Core/Src/main.o
 .debug_macro   0x0000254a    0x1a192 ./Core/Src/main.o
 .debug_macro   0x0001c6dc       0x6d ./Core/Src/main.o
 .debug_macro   0x0001c749     0x38fb ./Core/Src/main.o
 .debug_macro   0x00020044      0x190 ./Core/Src/main.o
 .debug_macro   0x000201d4       0x5c ./Core/Src/main.o
 .debug_macro   0x00020230     0x159e ./Core/Src/main.o
 .debug_macro   0x000217ce      0x5a5 ./Core/Src/main.o
 .debug_macro   0x00021d73      0x1b9 ./Core/Src/main.o
 .debug_macro   0x00021f2c      0x18b ./Core/Src/main.o
 .debug_macro   0x000220b7      0x2c4 ./Core/Src/main.o
 .debug_macro   0x0002237b      0x27a ./Core/Src/main.o
 .debug_macro   0x000225f5      0x23d ./Core/Src/main.o
 .debug_macro   0x00022832      0x241 ./Core/Src/main.o
 .debug_macro   0x00022a73      0x37c ./Core/Src/main.o
 .debug_macro   0x00022def       0xd6 ./Core/Src/main.o
 .debug_macro   0x00022ec5      0x122 ./Core/Src/main.o
 .debug_macro   0x00022fe7      0x3ef ./Core/Src/main.o
 .debug_macro   0x000233d6      0x330 ./Core/Src/main.o
 .debug_macro   0x00023706      0x1bb ./Core/Src/main.o
 .debug_macro   0x000238c1       0x34 ./Core/Src/main.o
 .debug_macro   0x000238f5      0x1bf ./Core/Src/stm32l4xx_hal_msp.o
 .debug_macro   0x00023ab4      0x1c9 ./Core/Src/stm32l4xx_it.o
 .debug_macro   0x00023c7d      0x1a7 ./Core/Src/system_stm32l4xx.o
 .debug_macro   0x00023e24      0x1e0 ./Drivers/BSP/STM32L4xx_Nucleo/stm32l4xx_nucleo.o
 .debug_macro   0x00024004      0x1b5 ./Drivers/BSP/STM32L4xx_Nucleo/stm32l4xx_nucleo.o
 .debug_macro   0x000241b9      0x1f5 ./Drivers/STM32L4xx_HAL_Driver/Src/stm32l4xx_hal.o
 .debug_macro   0x000243ae      0x1a7 ./Drivers/STM32L4xx_HAL_Driver/Src/stm32l4xx_hal_cortex.o
 .debug_macro   0x00024555      0x1ae ./Drivers/STM32L4xx_HAL_Driver/Src/stm32l4xx_hal_gpio.o
 .debug_macro   0x00024703      0x1cb ./Drivers/STM32L4xx_HAL_Driver/Src/stm32l4xx_hal_pwr_ex.o
 .debug_macro   0x000248ce      0x1e9 ./Drivers/STM32L4xx_HAL_Driver/Src/stm32l4xx_hal_rcc.o

.debug_line     0x00000000     0x6998
 .debug_line    0x00000000      0x9bf ./Core/Src/main.o
 .debug_line    0x000009bf      0x733 ./Core/Src/stm32l4xx_hal_msp.o
 .debug_line    0x000010f2      0x7fa ./Core/Src/stm32l4xx_it.o
 .debug_line    0x000018ec      0x79b ./Core/Src/system_stm32l4xx.o
 .debug_line    0x00002087       0x7a ./Core/Startup/startup_stm32l476rgtx.o
 .debug_line    0x00002101      0x85e ./Drivers/BSP/STM32L4xx_Nucleo/stm32l4xx_nucleo.o
 .debug_line    0x0000295f      0xb07 ./Drivers/STM32L4xx_HAL_Driver/Src/stm32l4xx_hal.o
 .debug_line    0x00003466      0xc9e ./Drivers/STM32L4xx_HAL_Driver/Src/stm32l4xx_hal_cortex.o
 .debug_line    0x00004104      0xb57 ./Drivers/STM32L4xx_HAL_Driver/Src/stm32l4xx_hal_gpio.o
 .debug_line    0x00004c5b      0xce5 ./Drivers/STM32L4xx_HAL_Driver/Src/stm32l4xx_hal_pwr_ex.o
 .debug_line    0x00005940     0x1058 ./Drivers/STM32L4xx_HAL_Driver/Src/stm32l4xx_hal_rcc.o

.debug_str      0x00000000    0xe0c66
 .debug_str     0x00000000    0xe0c66 ./Core/Src/main.o
                              0xdf297 (size before relaxing)
 .debug_str     0x000e0c66    0xdeea1 ./Core/Src/stm32l4xx_hal_msp.o
 .debug_str     0x000e0c66    0xdee1c ./Core/Src/stm32l4xx_it.o
 .debug_str     0x000e0c66    0xde2d3 ./Core/Src/system_stm32l4xx.o
 .debug_str     0x000e0c66       0xa0 ./Core/Startup/startup_stm32l476rgtx.o
 .debug_str     0x000e0c66    0xdf6f6 ./Drivers/BSP/STM32L4xx_Nucleo/stm32l4xx_nucleo.o
 .debug_str     0x000e0c66    0xdeee7 ./Drivers/STM32L4xx_HAL_Driver/Src/stm32l4xx_hal.o
 .debug_str     0x000e0c66    0xdeb4c ./Drivers/STM32L4xx_HAL_Driver/Src/stm32l4xx_hal_cortex.o
 .debug_str     0x000e0c66    0xde45e ./Drivers/STM32L4xx_HAL_Driver/Src/stm32l4xx_hal_gpio.o
 .debug_str     0x000e0c66    0xde82e ./Drivers/STM32L4xx_HAL_Driver/Src/stm32l4xx_hal_pwr_ex.o
 .debug_str     0x000e0c66    0xde919 ./Drivers/STM32L4xx_HAL_Driver/Src/stm32l4xx_hal_rcc.o

.comment        0x00000000       0x43
 .comment       0x00000000       0x43 ./Core/Src/main.o
                                 0x44 (size before relaxing)
 .comment       0x00000043       0x44 ./Core/Src/stm32l4xx_hal_msp.o
 .comment       0x00000043       0x44 ./Core/Src/stm32l4xx_it.o
 .comment       0x00000043       0x44 ./Core/Src/system_stm32l4xx.o
 .comment       0x00000043       0x44 ./Drivers/BSP/STM32L4xx_Nucleo/stm32l4xx_nucleo.o
 .comment       0x00000043       0x44 ./Drivers/STM32L4xx_HAL_Driver/Src/stm32l4xx_hal.o
 .comment       0x00000043       0x44 ./Drivers/STM32L4xx_HAL_Driver/Src/stm32l4xx_hal_cortex.o
 .comment       0x00000043       0x44 ./Drivers/STM32L4xx_HAL_Driver/Src/stm32l4xx_hal_gpio.o
 .comment       0x00000043       0x44 ./Drivers/STM32L4xx_HAL_Driver/Src/stm32l4xx_hal_pwr_ex.o
 .comment       0x00000043       0x44 ./Drivers/STM32L4xx_HAL_Driver/Src/stm32l4xx_hal_rcc.o

.debug_frame    0x00000000     0x154c
 .debug_frame   0x00000000      0x140 ./Core/Src/main.o
 .debug_frame   0x00000140       0x34 ./Core/Src/stm32l4xx_hal_msp.o
 .debug_frame   0x00000174      0x114 ./Core/Src/stm32l4xx_it.o
 .debug_frame   0x00000288       0x50 ./Core/Src/system_stm32l4xx.o
 .debug_frame   0x000002d8      0x14c ./Drivers/BSP/STM32L4xx_Nucleo/stm32l4xx_nucleo.o
 .debug_frame   0x00000424      0x424 ./Drivers/STM32L4xx_HAL_Driver/Src/stm32l4xx_hal.o
 .debug_frame   0x00000848      0x49c ./Drivers/STM32L4xx_HAL_Driver/Src/stm32l4xx_hal_cortex.o
 .debug_frame   0x00000ce4      0x130 ./Drivers/STM32L4xx_HAL_Driver/Src/stm32l4xx_hal_gpio.o
 .debug_frame   0x00000e14      0x4ec ./Drivers/STM32L4xx_HAL_Driver/Src/stm32l4xx_hal_pwr_ex.o
 .debug_frame   0x00001300      0x200 ./Drivers/STM32L4xx_HAL_Driver/Src/stm32l4xx_hal_rcc.o
 .debug_frame   0x00001500       0x20 C:/ST/STM32CubeIDE_2.2.0/STM32CubeIDE/plugins/com.st.stm32cube.ide.mcu.externaltools.gnu-tools-for-stm32.14.3.rel1.win32_1.0.100.202602081740/tools/bin/../lib/gcc/arm-none-eabi/14.3.1/../../../../arm-none-eabi/lib/thumb/v7e-m+fp/hard\libc_nano.a(libc_a-memset.o)
 .debug_frame   0x00001520       0x2c C:/ST/STM32CubeIDE_2.2.0/STM32CubeIDE/plugins/com.st.stm32cube.ide.mcu.externaltools.gnu-tools-for-stm32.14.3.rel1.win32_1.0.100.202602081740/tools/bin/../lib/gcc/arm-none-eabi/14.3.1/../../../../arm-none-eabi/lib/thumb/v7e-m+fp/hard\libc_nano.a(libc_a-init.o)

.debug_line_str
                0x00000000       0x84
 .debug_line_str
                0x00000000       0x84 ./Core/Startup/startup_stm32l476rgtx.o
